-----------------------------------------
 STANDARD VIEW: rule policy severitylabel message file line
-----------------------------------------
###############  ###############
+++++++++++++++++++++++++++++++++++++++++++++++++++++++++++++++++++++++++++++++
Rule                  Policy        Severity Message                                                                                                                                                                                                                                                                       File                                                                                                                           Line
===============================================================================
SignedUnsignedExpr-ML morelint      Warning  Unsigned expression '(row_counter * NB_ROW_ENCR_OH)' used with signed expression 'NB_ENCRIPTION_OH'                                                                                                                                                                           /design/M200/RevA0/Work/otarif/DIGITAL/trunk/externals/asic_rtl/library/encr_datapath/rtl/encr_frame_reassembler.v              233
STARC05-3.2.2.1       starc2005     Warning  Constant '5'b10010' is not parameterized                                                                                                                                                                                                                                      /design/M200/RevA0/Work/otarif/DIGITAL/trunk/externals/asic_rtl/library/encr_datapath/rtl/frame_disassembler.v                  171
STARC05-3.2.2.1       starc2005     Warning  Constant '4'b1011' is not parameterized                                                                                                                                                                                                                                       /design/M200/RevA0/Work/otarif/DIGITAL/trunk/externals/asic_rtl/library/encr_datapath/rtl/frame_disassembler.v                  201
STARC05-3.2.2.1       starc2005     Warning  Constant '118' is not parameterized                                                                                                                                                                                                                                           /design/M200/RevA0/Work/otarif/DIGITAL/trunk/externals/asic_rtl/library/encr_datapath/rtl/frame_disassembler.v                  283
STARC05-3.2.2.1       starc2005     Warning  Constant '119' is not parameterized                                                                                                                                                                                                                                           /design/M200/RevA0/Work/otarif/DIGITAL/trunk/externals/asic_rtl/library/encr_datapath/rtl/frame_disassembler.v                  292
STARC05-3.2.2.1       starc2005     Warning  Constant '118' is not parameterized                                                                                                                                                                                                                                           /design/M200/RevA0/Work/otarif/DIGITAL/trunk/externals/asic_rtl/library/encr_datapath/rtl/frame_disassembler.v                  292
W287b                 lint          Warning  Instance output port 'o_fifo_level' is not connected                                                                                                                                                                                                                          /design/M200/RevA0/Work/otarif/DIGITAL/trunk/externals/asic_rtl/library/encr_datapath/rtl/encr_frame_reassembler.v              156
SigName               openmore      Warning  Signal data does not follow naming convention                                                                                                                                                                                                                                 /design/M200/RevA0/Work/otarif/DIGITAL/trunk/externals/asic_rtl/library/encr_datapath/rtl/frame_disassembler.v                  298
SigName               openmore      Warning  Signal cen does not follow naming convention                                                                                                                                                                                                                                  /design/M200/RevA0/Work/otarif/DIGITAL/trunk/externals/asic_rtl/library/encr_datapath/rtl/frame_disassembler.v                  299
SigName               openmore      Warning  Signal last does not follow naming convention                                                                                                                                                                                                                                 /design/M200/RevA0/Work/otarif/DIGITAL/trunk/externals/asic_rtl/library/encr_datapath/rtl/encr_datapath.v                       228
SigName               openmore      Warning  Signal cen does not follow naming convention                                                                                                                                                                                                                                  /design/M200/RevA0/Work/otarif/DIGITAL/trunk/externals/asic_rtl/library/encr_datapath/rtl/encr_datapath.v                       229
STARC05-2.10.3.1      starc2005     Warning  Operand bit-width mismatch for operator '==': 'col_counter' ('9' bits) and 'col_counter_limit_sel' ('8' bits). [Hierarchy: ':encr_datapath:u_frame_disassembler@frame_disassembler:']                                                                                         /design/M200/RevA0/Work/otarif/DIGITAL/trunk/externals/asic_rtl/library/encr_datapath/rtl/frame_disassembler.v                  239
W164c                 lint          Warning  LHS width '9' is greater than RHS width '1' [Hierarchy: ':encr_datapath:u_frame_disassembler@frame_disassembler']                                                                                                                                                             /design/M200/RevA0/Work/otarif/DIGITAL/trunk/externals/asic_rtl/library/encr_datapath/rtl/frame_disassembler.v                  116
W164c                 lint          Warning  LHS width '9' is greater than RHS width '8' [Hierarchy: ':encr_datapath:u_frame_disassembler@frame_disassembler']                                                                                                                                                             /design/M200/RevA0/Work/otarif/DIGITAL/trunk/externals/asic_rtl/library/encr_datapath/rtl/frame_disassembler.v                  244
W164c                 lint          Warning  LHS width '9' is greater than RHS width '8' [Hierarchy: ':encr_datapath:u_frame_disassembler@frame_disassembler']                                                                                                                                                             /design/M200/RevA0/Work/otarif/DIGITAL/trunk/externals/asic_rtl/library/encr_datapath/rtl/frame_disassembler.v                  251
STARC-2.10.6.1        starc         Warning  Possible assignment overflow: lhs width 4 (Expr: 'fill_level') should be greater than rhs width 4 (Expr: '(wr_ptr - rd_ptr)') to accommodate carry/borrow bit, [Hierarchy: ':encr_datapath:u_encr_frame_reassembler@encr_frame_reassembler:u_payload_fifo@encr_payload_fifo'] /design/M200/RevA0/Work/otarif/DIGITAL/trunk/externals/asic_rtl/library/encr_datapath/rtl/encr_payload_fifo.v                   130
DeadCode              miscellaneous Warning  The net 'encr_datapath.u_encr_frame_reassembler.sof_d' does not drive anything                                                                                                                                                                                                /design/M200/RevA0/Work/otarif/DIGITAL/trunk/externals/asic_rtl/library/encr_datapath/rtl/encr_frame_reassembler.v              136
DeadCode              miscellaneous Warning  The net 'encr_datapath.start' does not drive anything                                                                                                                                                                                                                         /design/M200/RevA0/Work/otarif/DIGITAL/trunk/externals/asic_rtl/library/encr_datapath/rtl/encr_datapath.v                       233
DeadCode              miscellaneous Warning  The net 'encr_datapath.last' does not drive anything                                                                                                                                                                                                                          /design/M200/RevA0/Work/otarif/DIGITAL/trunk/externals/asic_rtl/library/encr_datapath/rtl/encr_datapath.v                       234
DeadCode              miscellaneous Warning  The net 'encr_datapath.insert_aad_sr[3]' does not drive anything                                                                                                                                                                                                              /design/M200/RevA0/Work/otarif/DIGITAL/trunk/externals/asic_rtl/library/encr_datapath/rtl/encr_datapath.v                       357
DeadCode              miscellaneous Warning  The net 'encr_datapath.valid_sr[3]' does not drive anything                                                                                                                                                                                                                   /design/M200/RevA0/Work/otarif/DIGITAL/trunk/externals/asic_rtl/library/encr_datapath/rtl/encr_datapath.v                       330
DeadCode              miscellaneous Warning  The net 'encr_datapath.sof_sr[3]' does not drive anything                                                                                                                                                                                                                     /design/M200/RevA0/Work/otarif/DIGITAL/trunk/externals/asic_rtl/library/encr_datapath/rtl/encr_datapath.v                       316
DeadCode              miscellaneous Warning  The net 'encr_datapath.payload_data_valid[3]' does not drive anything                                                                                                                                                                                                         /design/M200/RevA0/Work/otarif/DIGITAL/trunk/externals/asic_rtl/library/encr_datapath/rtl/encr_datapath.v                       344
DeadCode              miscellaneous Warning  The net 'encr_datapath.i_rf_static_mode[7:4]' does not drive anything                                                                                                                                                                                                         /design/M200/RevA0/Work/otarif/DIGITAL/trunk/externals/asic_rtl/library/encr_datapath/rtl/encr_datapath.v                        74
DeadCode              miscellaneous Warning  The net 'encr_datapath.i_aad[511:0]' does not drive anything                                                                                                                                                                                                                  /design/M200/RevA0/Work/otarif/DIGITAL/trunk/externals/asic_rtl/library/encr_datapath/rtl/encr_datapath.v                        70
DeadCode              miscellaneous Warning  The net 'encr_datapath.u_encr_frame_reassembler.u_payload_fifo.o_fifo_level[3:0]' does not drive anything                                                                                                                                                                     /design/M200/RevA0/Work/otarif/DIGITAL/trunk/externals/asic_rtl/library/encr_datapath/rtl/encr_payload_fifo.v                   165
DeadCode              miscellaneous Warning  Change on net 'encr_datapath.core_iv[95:0]' has no effect on any of the outputs                                                                                                                                                                                               /design/M200/RevA0/Work/otarif/DIGITAL/trunk/externals/asic_rtl/library/encr_datapath/rtl/encr_datapath.v                       190
DeadCode              miscellaneous Warning  Change on net 'encr_datapath.core_key[255:0]' has no effect on any of the outputs                                                                                                                                                                                             /design/M200/RevA0/Work/otarif/DIGITAL/trunk/externals/asic_rtl/library/encr_datapath/rtl/encr_datapath.v                       189
ReportIgnoreSummary   SpyGlass      Info     Design option(s) ignorefile/ignoredu specified. Please see ./encr_datapath/encr_datapath/Group_Run/LintRules/spyglass_reports/SpyGlass/ignore_summary.rpt to know the design files/design units which have been ignored                                                       ./encr_datapath/encr_datapath/Group_Run/LintRules/spyglass_reports/SpyGlass/ignore_summary.rpt                                    0
ElabSummary           SpyGlass      Info     Please refer file './encr_datapath/encr_datapath/Group_Run/LintRules/spyglass_reports/SpyGlass/elab_summary.rpt' for elab summary report                                                                                                                                      ./encr_datapath/encr_datapath/Group_Run/LintRules/spyglass_reports/SpyGlass/elab_summary.rpt                                      0
DetectTopDesignUnits  SpyGlass      Info     Module encr_datapath is a top level design unit                                                                                                                                                                                                                               /design/M200/RevA0/Work/otarif/DIGITAL/trunk/externals/asic_rtl/library/encr_datapath/rtl/encr_datapath.v                        22
InferBlackBox         SpyGlass      Info     Interfaces for blackbox modules have been inferred. Please refer to AnalyzeBBox violations for more details                                                                                                                                                                   N.A.                                                                                                                              0
Info_Case_Analysis    SpyGlass      Info     Information for set_case_analysis value propagation for design 'encr_datapath' is displayed                                                                                                                                                                                   /design/M200/RevA0/Work/otarif/DIGITAL/trunk/externals/asic_rtl/library/encr_datapath/rtl/encr_datapath.v                        22
InfoAnalyzeBBox       SpyGlass      Info     Design Unit 'GCM3LP_256' has empty definition; Ignore specification applied on design unit using 'ignoredu' option                                                                                                                                                            /design/M200/RevA0/Work/otarif/DIGITAL/trunk/externals/asic_rtl/library/encr_datapath/rtl/encr_datapath.v                       241
+++++++++++++++++++++++++++++++++++++++++++++++++++++++++++++++++++++++++++++++
