 ---------------------------------------------------------------------------------------------------
|       Slack(ps)      |     Number(%)   | Histogram 
 ---------------------------------------------------------------------------------------------------
|      -64  ->   -57   |    387(45.6)    | *********************************************
|      -57  ->   -50   |      9( 1.1)    | *
|      -50  ->   -42   |      7( 0.8)    | 
|      -42  ->   -35   |      0( 0.0)    | 
|      -35  ->   -28   |      0( 0.0)    | 
|      -28  ->   -21   |      0( 0.0)    | 
|      -21  ->   -13   |      0( 0.0)    | 
|      -13  ->    -6   |      0( 0.0)    | 
|       -6  ->     1   |    445(52.5)    | ****************************************************
|        1  ->     8   |      0( 0.0)    | 
 ---------------------------------------------------------------------------------------------------
|                      |    848          | total end points
 ---------------------------------------------------------------------------------------------------

DETAIL REPORT (Endpoint, Logic Level)
--------------------------------------------
Qstart                                                  -64.0
Qlast                                                   -64.0
Q[255]                                                  -64.0
Q[254]                                                  -64.0
Q[253]                                                  -64.0
Q[252]                                                  -64.0
Q[251]                                                  -64.0
Q[250]                                                  -64.0
Q[249]                                                  -64.0
Q[248]                                                  -64.0
Q[247]                                                  -64.0
Q[246]                                                  -64.0
Q[245]                                                  -64.0
Q[244]                                                  -64.0
Q[243]                                                  -64.0
Q[242]                                                  -64.0
Q[241]                                                  -64.0
Q[240]                                                  -64.0
Q[239]                                                  -64.0
Q[238]                                                  -64.0
Q[237]                                                  -64.0
Q[236]                                                  -64.0
Q[235]                                                  -64.0
Q[234]                                                  -64.0
Q[233]                                                  -64.0
Q[232]                                                  -64.0
Q[231]                                                  -64.0
Q[230]                                                  -64.0
Q[229]                                                  -64.0
Q[228]                                                  -64.0
Q[227]                                                  -64.0
Q[226]                                                  -64.0
Q[225]                                                  -64.0
Q[224]                                                  -64.0
Q[223]                                                  -64.0
Q[222]                                                  -64.0
Q[221]                                                  -64.0
Q[220]                                                  -64.0
Q[219]                                                  -64.0
Q[218]                                                  -64.0
Q[217]                                                  -64.0
Q[216]                                                  -64.0
Q[215]                                                  -64.0
Q[214]                                                  -64.0
Q[213]                                                  -64.0
Q[212]                                                  -64.0
Q[211]                                                  -64.0
Q[210]                                                  -64.0
Q[209]                                                  -64.0
Q[208]                                                  -64.0
Q[207]                                                  -64.0
Q[206]                                                  -64.0
Q[205]                                                  -64.0
Q[204]                                                  -64.0
Q[203]                                                  -64.0
Q[202]                                                  -64.0
Q[201]                                                  -64.0
Q[200]                                                  -64.0
Q[199]                                                  -64.0
Q[198]                                                  -64.0
Q[197]                                                  -64.0
Q[196]                                                  -64.0
Q[195]                                                  -64.0
Q[194]                                                  -64.0
Q[193]                                                  -64.0
Q[192]                                                  -64.0
Q[191]                                                  -64.0
Q[190]                                                  -64.0
Q[189]                                                  -64.0
Q[188]                                                  -64.0
Q[187]                                                  -64.0
Q[186]                                                  -64.0
Q[185]                                                  -64.0
Q[184]                                                  -64.0
Q[183]                                                  -64.0
Q[182]                                                  -64.0
Q[181]                                                  -64.0
Q[180]                                                  -64.0
Q[179]                                                  -64.0
Q[178]                                                  -64.0
Q[177]                                                  -64.0
Q[176]                                                  -64.0
Q[175]                                                  -64.0
Q[174]                                                  -64.0
Q[173]                                                  -64.0
Q[172]                                                  -64.0
Q[171]                                                  -64.0
Q[170]                                                  -64.0
Q[169]                                                  -64.0
Q[168]                                                  -64.0
Q[167]                                                  -64.0
Q[166]                                                  -64.0
Q[165]                                                  -64.0
Q[164]                                                  -64.0
Q[163]                                                  -64.0
Q[162]                                                  -64.0
Q[161]                                                  -64.0
Q[160]                                                  -64.0
Q[159]                                                  -64.0
Q[158]                                                  -64.0
Q[157]                                                  -64.0
Q[156]                                                  -64.0
Q[155]                                                  -64.0
Q[154]                                                  -64.0
Q[153]                                                  -64.0
Q[152]                                                  -64.0
Q[151]                                                  -64.0
Q[150]                                                  -64.0
Q[149]                                                  -64.0
Q[148]                                                  -64.0
Q[147]                                                  -64.0
Q[146]                                                  -64.0
Q[145]                                                  -64.0
Q[144]                                                  -64.0
Q[143]                                                  -64.0
Q[142]                                                  -64.0
Q[141]                                                  -64.0
Q[140]                                                  -64.0
Q[139]                                                  -64.0
Q[138]                                                  -64.0
Q[137]                                                  -64.0
Q[136]                                                  -64.0
Q[135]                                                  -64.0
Q[134]                                                  -64.0
Q[133]                                                  -64.0
Q[132]                                                  -64.0
Q[131]                                                  -64.0
Q[130]                                                  -64.0
Q[129]                                                  -64.0
Q[128]                                                  -64.0
Q[127]                                                  -64.0
Q[126]                                                  -64.0
Q[125]                                                  -64.0
Q[124]                                                  -64.0
Q[123]                                                  -64.0
Q[122]                                                  -64.0
Q[121]                                                  -64.0
Q[120]                                                  -64.0
Q[119]                                                  -64.0
Q[118]                                                  -64.0
Q[117]                                                  -64.0
Q[116]                                                  -64.0
Q[115]                                                  -64.0
Q[114]                                                  -64.0
Q[113]                                                  -64.0
Q[112]                                                  -64.0
Q[111]                                                  -64.0
Q[110]                                                  -64.0
Q[109]                                                  -64.0
Q[108]                                                  -64.0
Q[107]                                                  -64.0
Q[106]                                                  -64.0
Q[105]                                                  -64.0
Q[104]                                                  -64.0
Q[103]                                                  -64.0
Q[102]                                                  -64.0
Q[101]                                                  -64.0
Q[100]                                                  -64.0
Q[99]                                                   -64.0
Q[98]                                                   -64.0
Q[97]                                                   -64.0
Q[96]                                                   -64.0
Q[95]                                                   -64.0
Q[94]                                                   -64.0
Q[93]                                                   -64.0
Q[92]                                                   -64.0
Q[91]                                                   -64.0
Q[90]                                                   -64.0
Q[89]                                                   -64.0
Q[88]                                                   -64.0
Q[87]                                                   -64.0
Q[86]                                                   -64.0
Q[85]                                                   -64.0
Q[84]                                                   -64.0
Q[83]                                                   -64.0
Q[82]                                                   -64.0
Q[81]                                                   -64.0
Q[80]                                                   -64.0
Q[79]                                                   -64.0
Q[78]                                                   -64.0
Q[77]                                                   -64.0
Q[76]                                                   -64.0
Q[75]                                                   -64.0
Q[74]                                                   -64.0
Q[73]                                                   -64.0
Q[72]                                                   -64.0
Q[71]                                                   -64.0
Q[70]                                                   -64.0
Q[69]                                                   -64.0
Q[68]                                                   -64.0
Q[67]                                                   -64.0
Q[66]                                                   -64.0
Q[65]                                                   -64.0
Q[64]                                                   -64.0
Q[63]                                                   -64.0
Q[62]                                                   -64.0
Q[61]                                                   -64.0
Q[60]                                                   -64.0
Q[59]                                                   -64.0
Q[58]                                                   -64.0
Q[57]                                                   -64.0
Q[56]                                                   -64.0
Q[55]                                                   -64.0
Q[54]                                                   -64.0
Q[53]                                                   -64.0
Q[52]                                                   -64.0
Q[51]                                                   -64.0
Q[50]                                                   -64.0
Q[49]                                                   -64.0
Q[48]                                                   -64.0
Q[47]                                                   -64.0
Q[46]                                                   -64.0
Q[45]                                                   -64.0
Q[44]                                                   -64.0
Q[43]                                                   -64.0
Q[42]                                                   -64.0
Q[41]                                                   -64.0
Q[40]                                                   -64.0
Q[39]                                                   -64.0
Q[38]                                                   -64.0
Q[37]                                                   -64.0
Q[36]                                                   -64.0
Q[35]                                                   -64.0
Q[34]                                                   -64.0
Q[33]                                                   -64.0
Q[32]                                                   -64.0
Q[31]                                                   -64.0
Q[30]                                                   -64.0
Q[29]                                                   -64.0
Q[28]                                                   -64.0
Q[27]                                                   -64.0
Q[26]                                                   -64.0
Q[25]                                                   -64.0
Q[24]                                                   -64.0
Q[23]                                                   -64.0
Q[22]                                                   -64.0
Q[21]                                                   -64.0
Q[20]                                                   -64.0
Q[19]                                                   -64.0
Q[18]                                                   -64.0
Q[17]                                                   -64.0
Q[16]                                                   -64.0
Q[15]                                                   -64.0
Q[14]                                                   -64.0
Q[13]                                                   -64.0
Q[12]                                                   -64.0
Q[11]                                                   -64.0
Q[10]                                                   -64.0
Q[9]                                                    -64.0
Q[8]                                                    -64.0
Q[7]                                                    -64.0
Q[6]                                                    -64.0
Q[5]                                                    -64.0
Q[4]                                                    -64.0
Q[3]                                                    -64.0
Q[2]                                                    -64.0
Q[1]                                                    -64.0
Q[0]                                                    -64.0
Tstrobe                                                 -64.0
T[127]                                                  -64.0
T[126]                                                  -64.0
T[125]                                                  -64.0
T[124]                                                  -64.0
T[123]                                                  -64.0
T[122]                                                  -64.0
T[121]                                                  -64.0
T[120]                                                  -64.0
T[119]                                                  -64.0
T[118]                                                  -64.0
T[117]                                                  -64.0
T[116]                                                  -64.0
T[115]                                                  -64.0
T[114]                                                  -64.0
T[113]                                                  -64.0
T[112]                                                  -64.0
T[111]                                                  -64.0
T[110]                                                  -64.0
T[109]                                                  -64.0
T[108]                                                  -64.0
T[107]                                                  -64.0
T[106]                                                  -64.0
T[105]                                                  -64.0
T[104]                                                  -64.0
T[103]                                                  -64.0
T[102]                                                  -64.0
T[101]                                                  -64.0
T[100]                                                  -64.0
T[99]                                                   -64.0
T[98]                                                   -64.0
T[97]                                                   -64.0
T[96]                                                   -64.0
T[95]                                                   -64.0
T[94]                                                   -64.0
T[93]                                                   -64.0
T[92]                                                   -64.0
T[91]                                                   -64.0
T[90]                                                   -64.0
T[89]                                                   -64.0
T[88]                                                   -64.0
T[87]                                                   -64.0
T[86]                                                   -64.0
T[85]                                                   -64.0
T[84]                                                   -64.0
T[83]                                                   -64.0
T[82]                                                   -64.0
T[81]                                                   -64.0
T[80]                                                   -64.0
T[79]                                                   -64.0
T[78]                                                   -64.0
T[77]                                                   -64.0
T[76]                                                   -64.0
T[75]                                                   -64.0
T[74]                                                   -64.0
T[73]                                                   -64.0
T[72]                                                   -64.0
T[71]                                                   -64.0
T[70]                                                   -64.0
T[69]                                                   -64.0
T[68]                                                   -64.0
T[67]                                                   -64.0
T[66]                                                   -64.0
T[65]                                                   -64.0
T[64]                                                   -64.0
T[63]                                                   -64.0
T[62]                                                   -64.0
T[61]                                                   -64.0
T[60]                                                   -64.0
T[59]                                                   -64.0
T[58]                                                   -64.0
T[57]                                                   -64.0
T[56]                                                   -64.0
T[55]                                                   -64.0
T[54]                                                   -64.0
T[53]                                                   -64.0
T[52]                                                   -64.0
T[51]                                                   -64.0
T[50]                                                   -64.0
T[49]                                                   -64.0
T[48]                                                   -64.0
T[47]                                                   -64.0
T[46]                                                   -64.0
T[45]                                                   -64.0
T[44]                                                   -64.0
T[43]                                                   -64.0
T[42]                                                   -64.0
T[41]                                                   -64.0
T[40]                                                   -64.0
T[39]                                                   -64.0
T[38]                                                   -64.0
T[37]                                                   -64.0
T[36]                                                   -64.0
T[35]                                                   -64.0
T[34]                                                   -64.0
T[33]                                                   -64.0
T[32]                                                   -64.0
T[31]                                                   -64.0
T[30]                                                   -64.0
T[29]                                                   -64.0
T[28]                                                   -64.0
T[27]                                                   -64.0
T[26]                                                   -64.0
T[25]                                                   -64.0
T[24]                                                   -64.0
T[23]                                                   -64.0
T[22]                                                   -64.0
T[21]                                                   -64.0
T[20]                                                   -64.0
T[19]                                                   -64.0
T[18]                                                   -64.0
T[17]                                                   -64.0
T[16]                                                   -64.0
T[15]                                                   -64.0
T[14]                                                   -64.0
T[13]                                                   -64.0
T[12]                                                   -64.0
T[11]                                                   -64.0
T[10]                                                   -64.0
T[9]                                                    -64.0
T[8]                                                    -64.0
T[7]                                                    -64.0
T[6]                                                    -64.0
T[5]                                                    -64.0
T[4]                                                    -64.0
T[3]                                                    -64.0
T[2]                                                    -64.0
T[1]                                                    -64.0
T[0]                                                    -64.0
Lcnt_reg[4]/D                                           -50.6
Lcnt_reg[7]/D                                           -50.6
Lcnt_reg[8]/D                                           -50.6
Lcnt_reg[10]/D                                          -50.2
Lcnt_reg[5]/D                                           -50.2
Lcnt_reg[9]/D                                           -50.2
Lcnt_reg[1]/D                                           -50.1
Lcnt_reg[2]/D                                           -50.1
Lcnt_reg[6]/D                                           -50.1
RC_CG_HIER_INST2/RC_CGIC_INST/E                         -47.8
RC_CG_DECLONE_HIER_INST/RC_CGIC_INST/E                  -47.7
RC_CG_HIER_INST0/RC_CGIC_INST/E                         -47.5
RC_CG_HIER_INST1/RC_CGIC_INST/E                         -47.5
RC_CG_HIER_INST3/RC_CGIC_INST/E                         -47.5
Lcnt_reg[0]/D                                           -43.9
Lcnt_reg[3]/D                                           -43.9
dr0_reg[0]/D                                            -1.8
dr0_reg[100]/D                                          -1.8
dr0_reg[101]/D                                          -1.8
dr0_reg[102]/D                                          -1.8
dr0_reg[103]/D                                          -1.8
dr0_reg[104]/D                                          -1.8
dr0_reg[105]/D                                          -1.8
dr0_reg[106]/D                                          -1.8
dr0_reg[107]/D                                          -1.8
dr0_reg[108]/D                                          -1.8
dr0_reg[109]/D                                          -1.8
dr0_reg[10]/D                                           -1.8
dr0_reg[110]/D                                          -1.8
dr0_reg[111]/D                                          -1.8
dr0_reg[112]/D                                          -1.8
dr0_reg[113]/D                                          -1.8
dr0_reg[114]/D                                          -1.8
dr0_reg[115]/D                                          -1.8
dr0_reg[116]/D                                          -1.8
dr0_reg[117]/D                                          -1.8
dr0_reg[118]/D                                          -1.8
dr0_reg[119]/D                                          -1.8
dr0_reg[11]/D                                           -1.8
dr0_reg[120]/D                                          -1.8
dr0_reg[121]/D                                          -1.8
dr0_reg[122]/D                                          -1.8
dr0_reg[123]/D                                          -1.8
dr0_reg[124]/D                                          -1.8
dr0_reg[125]/D                                          -1.8
dr0_reg[126]/D                                          -1.8
dr0_reg[127]/D                                          -1.8
dr0_reg[128]/D                                          -1.8
dr0_reg[129]/D                                          -1.8
dr0_reg[12]/D                                           -1.8
dr0_reg[130]/D                                          -1.8
dr0_reg[131]/D                                          -1.8
dr0_reg[132]/D                                          -1.8
dr0_reg[133]/D                                          -1.8
dr0_reg[134]/D                                          -1.8
dr0_reg[135]/D                                          -1.8
dr0_reg[136]/D                                          -1.8
dr0_reg[137]/D                                          -1.8
dr0_reg[138]/D                                          -1.8
dr0_reg[139]/D                                          -1.8
dr0_reg[13]/D                                           -1.8
dr0_reg[140]/D                                          -1.8
dr0_reg[141]/D                                          -1.8
dr0_reg[142]/D                                          -1.8
dr0_reg[143]/D                                          -1.8
dr0_reg[144]/D                                          -1.8
dr0_reg[145]/D                                          -1.8
dr0_reg[146]/D                                          -1.8
dr0_reg[147]/D                                          -1.8
dr0_reg[148]/D                                          -1.8
dr0_reg[149]/D                                          -1.8
dr0_reg[14]/D                                           -1.8
dr0_reg[150]/D                                          -1.8
dr0_reg[151]/D                                          -1.8
dr0_reg[152]/D                                          -1.8
dr0_reg[153]/D                                          -1.8
dr0_reg[154]/D                                          -1.8
dr0_reg[155]/D                                          -1.8
dr0_reg[156]/D                                          -1.8
dr0_reg[157]/D                                          -1.8
dr0_reg[158]/D                                          -1.8
dr0_reg[159]/D                                          -1.8
dr0_reg[15]/D                                           -1.8
dr0_reg[160]/D                                          -1.8
dr0_reg[161]/D                                          -1.8
dr0_reg[162]/D                                          -1.8
dr0_reg[163]/D                                          -1.8
dr0_reg[164]/D                                          -1.8
dr0_reg[165]/D                                          -1.8
dr0_reg[166]/D                                          -1.8
dr0_reg[167]/D                                          -1.8
dr0_reg[168]/D                                          -1.8
dr0_reg[169]/D                                          -1.8
dr0_reg[16]/D                                           -1.8
dr0_reg[170]/D                                          -1.8
dr0_reg[171]/D                                          -1.8
dr0_reg[172]/D                                          -1.8
dr0_reg[173]/D                                          -1.8
dr0_reg[174]/D                                          -1.8
dr0_reg[175]/D                                          -1.8
dr0_reg[176]/D                                          -1.8
dr0_reg[177]/D                                          -1.8
dr0_reg[178]/D                                          -1.8
dr0_reg[179]/D                                          -1.8
dr0_reg[17]/D                                           -1.8
dr0_reg[180]/D                                          -1.8
dr0_reg[181]/D                                          -1.8
dr0_reg[182]/D                                          -1.8
dr0_reg[183]/D                                          -1.8
dr0_reg[184]/D                                          -1.8
dr0_reg[185]/D                                          -1.8
dr0_reg[186]/D                                          -1.8
dr0_reg[187]/D                                          -1.8
dr0_reg[188]/D                                          -1.8
dr0_reg[189]/D                                          -1.8
dr0_reg[18]/D                                           -1.8
dr0_reg[190]/D                                          -1.8
dr0_reg[191]/D                                          -1.8
dr0_reg[192]/D                                          -1.8
dr0_reg[193]/D                                          -1.8
dr0_reg[194]/D                                          -1.8
dr0_reg[195]/D                                          -1.8
dr0_reg[196]/D                                          -1.8
dr0_reg[197]/D                                          -1.8
dr0_reg[198]/D                                          -1.8
dr0_reg[199]/D                                          -1.8
dr0_reg[19]/D                                           -1.8
dr0_reg[1]/D                                            -1.8
dr0_reg[200]/D                                          -1.8
dr0_reg[201]/D                                          -1.8
dr0_reg[202]/D                                          -1.8
dr0_reg[203]/D                                          -1.8
dr0_reg[204]/D                                          -1.8
dr0_reg[205]/D                                          -1.8
dr0_reg[206]/D                                          -1.8
dr0_reg[207]/D                                          -1.8
dr0_reg[208]/D                                          -1.8
dr0_reg[209]/D                                          -1.8
dr0_reg[20]/D                                           -1.8
dr0_reg[210]/D                                          -1.8
dr0_reg[211]/D                                          -1.8
dr0_reg[212]/D                                          -1.8
dr0_reg[213]/D                                          -1.8
dr0_reg[214]/D                                          -1.8
dr0_reg[215]/D                                          -1.8
dr0_reg[216]/D                                          -1.8
dr0_reg[217]/D                                          -1.8
dr0_reg[218]/D                                          -1.8
dr0_reg[219]/D                                          -1.8
dr0_reg[21]/D                                           -1.8
dr0_reg[220]/D                                          -1.8
dr0_reg[221]/D                                          -1.8
dr0_reg[222]/D                                          -1.8
dr0_reg[223]/D                                          -1.8
dr0_reg[224]/D                                          -1.8
dr0_reg[225]/D                                          -1.8
dr0_reg[226]/D                                          -1.8
dr0_reg[227]/D                                          -1.8
dr0_reg[228]/D                                          -1.8
dr0_reg[229]/D                                          -1.8
dr0_reg[22]/D                                           -1.8
dr0_reg[230]/D                                          -1.8
dr0_reg[231]/D                                          -1.8
dr0_reg[232]/D                                          -1.8
dr0_reg[233]/D                                          -1.8
dr0_reg[234]/D                                          -1.8
dr0_reg[235]/D                                          -1.8
dr0_reg[236]/D                                          -1.8
dr0_reg[237]/D                                          -1.8
dr0_reg[238]/D                                          -1.8
dr0_reg[239]/D                                          -1.8
dr0_reg[23]/D                                           -1.8
dr0_reg[240]/D                                          -1.8
dr0_reg[241]/D                                          -1.8
dr0_reg[242]/D                                          -1.8
dr0_reg[243]/D                                          -1.8
dr0_reg[244]/D                                          -1.8
dr0_reg[245]/D                                          -1.8
dr0_reg[246]/D                                          -1.8
dr0_reg[247]/D                                          -1.8
dr0_reg[248]/D                                          -1.8
dr0_reg[249]/D                                          -1.8
dr0_reg[24]/D                                           -1.8
dr0_reg[250]/D                                          -1.8
dr0_reg[251]/D                                          -1.8
dr0_reg[252]/D                                          -1.8
dr0_reg[253]/D                                          -1.8
dr0_reg[254]/D                                          -1.8
dr0_reg[255]/D                                          -1.8
dr0_reg[25]/D                                           -1.8
dr0_reg[26]/D                                           -1.8
dr0_reg[27]/D                                           -1.8
dr0_reg[28]/D                                           -1.8
dr0_reg[29]/D                                           -1.8
dr0_reg[2]/D                                            -1.8
dr0_reg[30]/D                                           -1.8
dr0_reg[31]/D                                           -1.8
dr0_reg[32]/D                                           -1.8
dr0_reg[33]/D                                           -1.8
dr0_reg[34]/D                                           -1.8
dr0_reg[35]/D                                           -1.8
dr0_reg[36]/D                                           -1.8
dr0_reg[37]/D                                           -1.8
dr0_reg[38]/D                                           -1.8
dr0_reg[39]/D                                           -1.8
dr0_reg[3]/D                                            -1.8
dr0_reg[40]/D                                           -1.8
dr0_reg[41]/D                                           -1.8
dr0_reg[42]/D                                           -1.8
dr0_reg[43]/D                                           -1.8
dr0_reg[44]/D                                           -1.8
dr0_reg[45]/D                                           -1.8
dr0_reg[46]/D                                           -1.8
dr0_reg[47]/D                                           -1.8
dr0_reg[48]/D                                           -1.8
dr0_reg[49]/D                                           -1.8
dr0_reg[4]/D                                            -1.8
dr0_reg[50]/D                                           -1.8
dr0_reg[51]/D                                           -1.8
dr0_reg[52]/D                                           -1.8
dr0_reg[53]/D                                           -1.8
dr0_reg[54]/D                                           -1.8
dr0_reg[55]/D                                           -1.8
dr0_reg[56]/D                                           -1.8
dr0_reg[57]/D                                           -1.8
dr0_reg[58]/D                                           -1.8
dr0_reg[59]/D                                           -1.8
dr0_reg[5]/D                                            -1.8
dr0_reg[60]/D                                           -1.8
dr0_reg[61]/D                                           -1.8
dr0_reg[62]/D                                           -1.8
dr0_reg[63]/D                                           -1.8
dr0_reg[64]/D                                           -1.8
dr0_reg[65]/D                                           -1.8
dr0_reg[66]/D                                           -1.8
dr0_reg[67]/D                                           -1.8
dr0_reg[68]/D                                           -1.8
dr0_reg[69]/D                                           -1.8
dr0_reg[6]/D                                            -1.8
dr0_reg[70]/D                                           -1.8
dr0_reg[71]/D                                           -1.8
dr0_reg[72]/D                                           -1.8
dr0_reg[73]/D                                           -1.8
dr0_reg[74]/D                                           -1.8
dr0_reg[75]/D                                           -1.8
dr0_reg[76]/D                                           -1.8
dr0_reg[77]/D                                           -1.8
dr0_reg[78]/D                                           -1.8
dr0_reg[79]/D                                           -1.8
dr0_reg[7]/D                                            -1.8
dr0_reg[80]/D                                           -1.8
dr0_reg[81]/D                                           -1.8
dr0_reg[82]/D                                           -1.8
dr0_reg[83]/D                                           -1.8
dr0_reg[84]/D                                           -1.8
dr0_reg[85]/D                                           -1.8
dr0_reg[86]/D                                           -1.8
dr0_reg[87]/D                                           -1.8
dr0_reg[88]/D                                           -1.8
dr0_reg[89]/D                                           -1.8
dr0_reg[8]/D                                            -1.8
dr0_reg[90]/D                                           -1.8
dr0_reg[91]/D                                           -1.8
dr0_reg[92]/D                                           -1.8
dr0_reg[93]/D                                           -1.8
dr0_reg[94]/D                                           -1.8
dr0_reg[95]/D                                           -1.8
dr0_reg[96]/D                                           -1.8
dr0_reg[97]/D                                           -1.8
dr0_reg[98]/D                                           -1.8
dr0_reg[99]/D                                           -1.8
dr0_reg[9]/D                                            -1.8
IVr_reg[0]/D                                            -1.8
IVr_reg[11]/D                                           -1.8
IVr_reg[12]/D                                           -1.8
IVr_reg[13]/D                                           -1.8
IVr_reg[14]/D                                           -1.8
IVr_reg[15]/D                                           -1.8
IVr_reg[16]/D                                           -1.8
IVr_reg[19]/D                                           -1.8
IVr_reg[20]/D                                           -1.8
IVr_reg[21]/D                                           -1.8
IVr_reg[22]/D                                           -1.8
IVr_reg[23]/D                                           -1.8
IVr_reg[24]/D                                           -1.8
IVr_reg[27]/D                                           -1.8
IVr_reg[28]/D                                           -1.8
IVr_reg[29]/D                                           -1.8
IVr_reg[30]/D                                           -1.8
IVr_reg[31]/D                                           -1.8
IVr_reg[32]/D                                           -1.8
IVr_reg[35]/D                                           -1.8
IVr_reg[36]/D                                           -1.8
IVr_reg[37]/D                                           -1.8
IVr_reg[38]/D                                           -1.8
IVr_reg[39]/D                                           -1.8
IVr_reg[3]/D                                            -1.8
IVr_reg[40]/D                                           -1.8
IVr_reg[43]/D                                           -1.8
IVr_reg[44]/D                                           -1.8
IVr_reg[45]/D                                           -1.8
IVr_reg[46]/D                                           -1.8
IVr_reg[47]/D                                           -1.8
IVr_reg[48]/D                                           -1.8
IVr_reg[4]/D                                            -1.8
IVr_reg[51]/D                                           -1.8
IVr_reg[52]/D                                           -1.8
IVr_reg[53]/D                                           -1.8
IVr_reg[54]/D                                           -1.8
IVr_reg[55]/D                                           -1.8
IVr_reg[56]/D                                           -1.8
IVr_reg[59]/D                                           -1.8
IVr_reg[5]/D                                            -1.8
IVr_reg[60]/D                                           -1.8
IVr_reg[61]/D                                           -1.8
IVr_reg[62]/D                                           -1.8
IVr_reg[63]/D                                           -1.8
IVr_reg[64]/D                                           -1.8
IVr_reg[67]/D                                           -1.8
IVr_reg[68]/D                                           -1.8
IVr_reg[69]/D                                           -1.8
IVr_reg[6]/D                                            -1.8
IVr_reg[70]/D                                           -1.8
IVr_reg[71]/D                                           -1.8
IVr_reg[72]/D                                           -1.8
IVr_reg[75]/D                                           -1.8
IVr_reg[76]/D                                           -1.8
IVr_reg[77]/D                                           -1.8
IVr_reg[78]/D                                           -1.8
IVr_reg[79]/D                                           -1.8
IVr_reg[7]/D                                            -1.8
IVr_reg[80]/D                                           -1.8
IVr_reg[83]/D                                           -1.8
IVr_reg[84]/D                                           -1.8
IVr_reg[85]/D                                           -1.8
IVr_reg[86]/D                                           -1.8
IVr_reg[87]/D                                           -1.8
IVr_reg[88]/D                                           -1.8
IVr_reg[8]/D                                            -1.8
IVr_reg[91]/D                                           -1.8
IVr_reg[92]/D                                           -1.8
IVr_reg[93]/D                                           -1.8
IVr_reg[94]/D                                           -1.8
IVr_reg[95]/D                                           -1.8
Kr_reg[0]/D                                             -1.8
Kr_reg[100]/D                                           -1.8
Kr_reg[101]/D                                           -1.8
Kr_reg[102]/D                                           -1.8
Kr_reg[103]/D                                           -1.8
Kr_reg[104]/D                                           -1.8
Kr_reg[105]/D                                           -1.8
Kr_reg[106]/D                                           -1.8
Kr_reg[107]/D                                           -1.8
Kr_reg[108]/D                                           -1.8
Kr_reg[109]/D                                           -1.8
Kr_reg[10]/D                                            -1.8
Kr_reg[110]/D                                           -1.8
Kr_reg[111]/D                                           -1.8
Kr_reg[112]/D                                           -1.8
Kr_reg[113]/D                                           -1.8
Kr_reg[114]/D                                           -1.8
Kr_reg[115]/D                                           -1.8
Kr_reg[116]/D                                           -1.8
Kr_reg[117]/D                                           -1.8
Kr_reg[118]/D                                           -1.8
Kr_reg[119]/D                                           -1.8
Kr_reg[120]/D                                           -1.8
Kr_reg[121]/D                                           -1.8
Kr_reg[122]/D                                           -1.8
Kr_reg[123]/D                                           -1.8
Kr_reg[124]/D                                           -1.8
Kr_reg[125]/D                                           -1.8
Kr_reg[126]/D                                           -1.8
Kr_reg[127]/D                                           -1.8
Kr_reg[128]/D                                           -1.8
Kr_reg[132]/D                                           -1.8
Kr_reg[136]/D                                           -1.8
Kr_reg[13]/D                                            -1.8
Kr_reg[167]/D                                           -1.8
Kr_reg[16]/D                                            -1.8
Kr_reg[183]/D                                           -1.8
Kr_reg[18]/D                                            -1.8
Kr_reg[199]/D                                           -1.8
Kr_reg[231]/D                                           -1.8
Kr_reg[247]/D                                           -1.8
Kr_reg[24]/D                                            -1.8
Kr_reg[26]/D                                            -1.8
Kr_reg[29]/D                                            -1.8
Kr_reg[2]/D                                             -1.8
Kr_reg[32]/D                                            -1.8
Kr_reg[33]/D                                            -1.8
Kr_reg[34]/D                                            -1.8
Kr_reg[35]/D                                            -1.8
Kr_reg[36]/D                                            -1.8
Kr_reg[37]/D                                            -1.8
Kr_reg[38]/D                                            -1.8
Kr_reg[39]/D                                            -1.8
Kr_reg[40]/D                                            -1.8
Kr_reg[41]/D                                            -1.8
Kr_reg[42]/D                                            -1.8
Kr_reg[43]/D                                            -1.8
Kr_reg[44]/D                                            -1.8
Kr_reg[45]/D                                            -1.8
Kr_reg[46]/D                                            -1.8
Kr_reg[47]/D                                            -1.8
Kr_reg[48]/D                                            -1.8
Kr_reg[49]/D                                            -1.8
Kr_reg[50]/D                                            -1.8
Kr_reg[51]/D                                            -1.8
Kr_reg[52]/D                                            -1.8
Kr_reg[53]/D                                            -1.8
Kr_reg[54]/D                                            -1.8
Kr_reg[55]/D                                            -1.8
Kr_reg[56]/D                                            -1.8
Kr_reg[57]/D                                            -1.8
Kr_reg[58]/D                                            -1.8
Kr_reg[59]/D                                            -1.8
Kr_reg[5]/D                                             -1.8
Kr_reg[60]/D                                            -1.8
Kr_reg[61]/D                                            -1.8
Kr_reg[62]/D                                            -1.8
Kr_reg[63]/D                                            -1.8
Kr_reg[64]/D                                            -1.8
Kr_reg[65]/D                                            -1.8
Kr_reg[66]/D                                            -1.8
Kr_reg[67]/D                                            -1.8
Kr_reg[68]/D                                            -1.8
Kr_reg[69]/D                                            -1.8
Kr_reg[70]/D                                            -1.8
Kr_reg[71]/D                                            -1.8
Kr_reg[72]/D                                            -1.8
Kr_reg[73]/D                                            -1.8
Kr_reg[74]/D                                            -1.8
Kr_reg[75]/D                                            -1.8
Kr_reg[76]/D                                            -1.8
Kr_reg[77]/D                                            -1.8
Kr_reg[78]/D                                            -1.8
Kr_reg[79]/D                                            -1.8
Kr_reg[80]/D                                            -1.8
Kr_reg[81]/D                                            -1.8
Kr_reg[82]/D                                            -1.8
Kr_reg[83]/D                                            -1.8
Kr_reg[84]/D                                            -1.8
Kr_reg[85]/D                                            -1.8
Kr_reg[86]/D                                            -1.8
Kr_reg[87]/D                                            -1.8
Kr_reg[88]/D                                            -1.8
Kr_reg[89]/D                                            -1.8
Kr_reg[8]/D                                             -1.8
Kr_reg[90]/D                                            -1.8
Kr_reg[91]/D                                            -1.8
Kr_reg[92]/D                                            -1.8
Kr_reg[93]/D                                            -1.8
Kr_reg[94]/D                                            -1.8
Kr_reg[95]/D                                            -1.8
Kr_reg[96]/D                                            -1.8
Kr_reg[97]/D                                            -1.8
Kr_reg[98]/D                                            -1.8
Kr_reg[99]/D                                            -1.8
lsr_reg[0]/D                                            -1.8
str_reg[0]/D                          