<><><><><><><><><><><><><><><><><><><><><><><><><><><><><><><><><><><><><><><><><><><><><><><><><><><><><><>
<> COVERAGE FILE: /scratch/otarif/simulations/encr_datapath/cov_work/scope/test/icc_0edd78ce_00000000.ucd <>
<><><><><><><><><><><><><><><><><><><><><><><><><><><><><><><><><><><><><><><><><><><><><><><><><><><><><><>

        Coverage Summary Report, Module-Based
        =====================================

B = Block, BR = Branch, E = Expression
TF = Toggle full transition, T^ = Toggle rise transition
Tv = Toggle fall transition
S = FSM state, TR = FSM transition
C = Cumulative coverage for that coverage type including sub hierarchy

encr_datapath
-------------
B:  100% (44/44)         BC:  100% (831/831/261) 
E:  100% (51/51/4)       EC:  100% (134/134/4)   
TF:  76% (3605/4713)     TFC:  81% (19192/23663) 
T^:   0% (0/4713)        T^C:   4% (955/23663)   
Tv:   0% (0/4713)        TvC:   0% (0/23663)     
S:   --% (0/0)           SC:   --% (0/0)         
TR:  --% (0/0)           TRC:  --% (0/0)         

frame_disassembler
------------------
B:  100% (108/108/1)     BC:  100% (108/108/1)   
E:  100% (16/16)         EC:  100% (16/16)       
TF:  66% (2279/3431)     TFC:  66% (2279/3431)   
T^:   0% (0/3431)        T^C:   0% (0/3431)      
Tv:   0% (0/3431)        TvC:   0% (0/3431)      
S:   --% (0/0)           SC:   --% (0/0)         
TR:  --% (0/0)           TRC:  --% (0/0)         

GCM3LP_256
----------
B:  100% (39/39)         BC:  100% (568/568/258) 
E:   --% (0/0)           EC:   --% (0/0)         
TF:  84% (3448/4097)     TFC:  89% (10018/11212) 
T^:  12% (509/4097)      T^C:   8% (955/11212)   
Tv:   0% (0/4097)        TvC:   0% (0/11212)     
S:   --% (0/0)           SC:   --% (0/0)         
TR:  --% (0/0)           TRC:  --% (0/0)         

AES256_256KEpl14
----------------
B:   --% (0/0)           BC:  100% (527/527/258) 
E:   --% (0/0)           EC:   --% (0/0)         
TF:  82% (2313/2819)     TFC:  89% (4206/4715)   
T^:  16% (446/2819)      T^C:   9% (446/4715)    
Tv:   0% (0/2819)        TvC:   0% (0/4715)      
S:   --% (0/0)           SC:   --% (0/0)         
TR:  --% (0/0)           TRC:  --% (0/0)         

encoder128PL2S
--------------
B:  100% (1/1)           BC:  100% (263/263)     
E:   --% (0/0)           EC:   --% (0/0)         
TF: 100% (1026/1026)     TFC: 100% (1156/1156)   
T^:   0% (0/1026)        T^C:   0% (0/1156)      
Tv:   0% (0/1026)        TvC:   0% (0/1156)      
S:   --% (0/0)           SC:   --% (0/0)         
TR:  --% (0/0)           TRC:  --% (0/0)         

Sbox2R
------
B:  100% (261/261)       BC:  100% (261/261)     
E:   --% (0/0)           EC:   --% (0/0)         
TF: 100% (34/34)         TFC: 100% (34/34)       
T^:   0% (0/34)          T^C:   0% (0/34)        
Tv:   0% (0/34)          TvC:   0% (0/34)        
S:   --% (0/0)           SC:   --% (0/0)         
TR:  --% (0/0)           TRC:  --% (0/0)         

MixCol
------
B:  100% (1/1)           BC:  100% (1/1)         
E:   --% (0/0)           EC:   --% (0/0)         
TF: 100% (96/96)         TFC: 100% (96/96)       
T^:   0% (0/96)          T^C:   0% (0/96)        
Tv:   0% (0/96)          TvC:   0% (0/96)        
S:   --% (0/0)           SC:   --% (0/0)         
TR:  --% (0/0)           TRC:  --% (0/0)         

KeyExpander256K_128Epe
----------------------
B:  100% (6/6)           BC:  100% (264/264/258) 
E:   --% (0/0)           EC:   --% (0/0)         
TF:  99% (721/724)       TFC:  99% (737/740)     
T^:   0% (0/724)         T^C:   0% (0/740)       
Tv:   0% (0/724)         TvC:   0% (0/740)       
S:   --% (0/0)           SC:   --% (0/0)         
TR:  --% (0/0)           TRC:  --% (0/0)         

Sbox
----
B:  100% (258/258/258)   BC:  100% (258/258/258) 
E:   --% (0/0)           EC:   --% (0/0)         
TF: 100% (16/16)         TFC: 100% (16/16)       
T^:   0% (0/16)          T^C:   0% (0/16)        
Tv:   0% (0/16)          TvC:   0% (0/16)        
S:   --% (0/0)           SC:   --% (0/0)         
TR:  --% (0/0)           TRC:  --% (0/0)         

K5gmp128x128
------------
B:  100% (2/2)           BC:  100% (2/2)         
E:   --% (0/0)           EC:   --% (0/0)         
TF:  99% (1149/1152)     TFC:  98% (2364/2400)   
T^:   0% (0/1152)        T^C:   0% (0/2400)      
Tv:   0% (0/1152)        TvC:   0% (0/2400)      
S:   --% (0/0)           SC:   --% (0/0)         
TR:  --% (0/0)           TRC:  --% (0/0)         

K4gmp64x64
----------
B:   --% (0/0)           BC:   --% (0/0)         
E:   --% (0/0)           EC:   --% (0/0)         
TF:  99% (636/640)       TFC:  97% (1215/1248)   
T^:   0% (0/640)         T^C:   0% (0/1248)      
Tv:   0% (0/640)         TvC:   0% (0/1248)      
S:   --% (0/0)           SC:   --% (0/0)         
TR:  --% (0/0)           TRC:  --% (0/0)         

K3gmp32x32
----------
B:   --% (0/0)           BC:   --% (0/0)         
E:   --% (0/0)           EC:   --% (0/0)         
TF:  99% (316/320)       TFC:  95% (579/608)     
T^:   0% (0/320)         T^C:   0% (0/608)       
Tv:   0% (0/320)         TvC:   0% (0/608)       
S:   --% (0/0)           SC:   --% (0/0)         
TR:  --% (0/0)           TRC:  --% (0/0)         

K2gmp16x16
----------
B:   --% (0/0)           BC:   --% (0/0)         
E:   --% (0/0)           EC:   --% (0/0)         
TF:  97% (156/160)       TFC:  91% (263/288)     
T^:   0% (0/160)         T^C:   0% (0/288)       
Tv:   0% (0/160)         TvC:   0% (0/288)       
S:   --% (0/0)           SC:   --% (0/0)         
TR:  --% (0/0)           TRC:  --% (0/0)         

Kgmp8x8
-------
B:   --% (0/0)           BC:   --% (0/0)         
E:   --% (0/0)           EC:   --% (0/0)         
TF:  95% (76/80)         TFC:  83% (107/128)     
T^:   0% (0/80)          T^C:   0% (0/128)       
Tv:   0% (0/80)          TvC:   0% (0/128)       
S:   --% (0/0)           SC:   --% (0/0)         
TR:  --% (0/0)           TRC:  --% (0/0)         

gmp4x4
------
B:   --% (0/0)           BC:   --% (0/0)         
E:   --% (0/0)           EC:   --% (0/0)         
TF:  64% (31/48)         TFC:  64% (31/48)       
T^:   0% (0/48)          T^C:   0% (0/48)        
Tv:   0% (0/48)          TvC:   0% (0/48)        
S:   --% (0/0)           SC:   --% (0/0)         
TR:  --% (0/0)           TRC:  --% (0/0)         

encr_frame_reassembler
----------------------
B:  100% (77/77/2)       BC:  100% (111/111/2)   
E:  100% (48/48)         EC:  100% (67/67)       
TF:  69% (2194/3181)     TFC:  76% (3290/4307)   
T^:   0% (0/3181)        T^C:   0% (0/4307)      
Tv:   0% (0/3181)        TvC:   0% (0/4307)      
S:   --% (0/0)           SC:   --% (0/0)         
TR:  --% (0/0)           TRC:  --% (0/0)         

encr_payload_fifo
-----------------
B:  100% (34/34)         BC:  100% (34/34)       
E:  100% (19/19)         EC:  100% (19/19)       
TF:  97% (1096/1126)     TFC:  97% (1096/1126)   
T^:   0% (0/1126)        T^C:   0% (0/1126)      
Tv:   0% (0/1126)        TvC:   0% (0/1126)      
S:   --% (0/0)           SC:   --% (0/0)         
TR:  --% (0/0)           TRC:  --% (0/0)         

