############
Timing paths
No:  Start-Point  End-point   Slack
############
1: -from T_reg[0]/CP -to T[0] -64ps
2: -from T_reg[1]/CP -to T[1] -64ps
3: -from T_reg[2]/CP -to T[2] -64ps
4: -from T_reg[3]/CP -to T[3] -64ps
5: -from T_reg[4]/CP -to T[4] -64ps
6: -from T_reg[5]/CP -to T[5] -64ps
7: -from T_reg[6]/CP -to T[6] -64ps
8: -from T_reg[7]/CP -to T[7] -64ps
9: -from T_reg[8]/CP -to T[8] -64ps
10: -from T_reg[9]/CP -to T[9] -64ps
11: -from T_reg[10]/CP -to T[10] -64ps
12: -from T_reg[11]/CP -to T[11] -64ps
13: -from T_reg[12]/CP -to T[12] -64ps
14: -from T_reg[13]/CP -to T[13] -64ps
15: -from T_reg[14]/CP -to T[14] -64ps
16: -from T_reg[15]/CP -to T[15] -64ps
17: -from T_reg[16]/CP -to T[16] -64ps
18: -from T_reg[17]/CP -to T[17] -64ps
19: -from T_reg[18]/CP -to T[18] -64ps
20: -from T_reg[19]/CP -to T[19] -64ps
21: -from T_reg[20]/CP -to T[20] -64ps
22: -from T_reg[21]/CP -to T[21] -64ps
23: -from T_reg[22]/CP -to T[22] -64ps
24: -from T_reg[23]/CP -to T[23] -64ps
25: -from T_reg[24]/CP -to T[24] -64ps
26: -from T_reg[25]/CP -to T[25] -64ps
27: -from T_reg[26]/CP -to T[26] -64ps
28: -from T_reg[27]/CP -to T[27] -64ps
29: -from T_reg[28]/CP -to T[28] -64ps
30: -from T_reg[29]/CP -to T[29] -64ps
31: -from T_reg[30]/CP -to T[30] -64ps
32: -from T_reg[31]/CP -to T[31] -64ps
33: -from T_reg[32]/CP -to T[32] -64ps
34: -from T_reg[33]/CP -to T[33] -64ps
35: -from T_reg[34]/CP -to T[34] -64ps
36: -from T_reg[35]/CP -to T[35] -64ps
37: -from T_reg[36]/CP -to T[36] -64ps
38: -from T_reg[37]/CP -to T[37] -64ps
39: -from T_reg[38]/CP -to T[38] -64ps
40: -from T_reg[39]/CP -to T[39] -64ps
41: -from T_reg[40]/CP -to T[40] -64ps
42: -from T_reg[41]/CP -to T[41] -64ps
43: -from T_reg[42]/CP -to T[42] -64ps
44: -from T_reg[43]/CP -to T[43] -64ps
45: -from T_reg[44]/CP -to T[44] -64ps
46: -from T_reg[45]/CP -to T[45] -64ps
47: -from T_reg[46]/CP -to T[46] -64ps
48: -from T_reg[47]/CP -to T[47] -64ps
49: -from T_reg[48]/CP -to T[48] -64ps
50: -from T_reg[49]/CP -to T[49] -64ps
51: -from T_reg[50]/CP -to T[50] -64ps
52: -from T_reg[51]/CP -to T[51] -64ps
53: -from T_reg[52]/CP -to T[52] -64ps
54: -from T_reg[53]/CP -to T[53] -64ps
55: -from T_reg[54]/CP -to T[54] -64ps
56: -from T_reg[55]/CP -to T[55] -64ps
57: -from T_reg[56]/CP -to T[56] -64ps
58: -from T_reg[57]/CP -to T[57] -64ps
59: -from T_reg[58]/CP -to T[58] -64ps
60: -from T_reg[59]/CP -to T[59] -64ps
61: -from T_reg[60]/CP -to T[60] -64ps
62: -from T_reg[61]/CP -to T[61] -64ps
63: -from T_reg[62]/CP -to T[62] -64ps
64: -from T_reg[63]/CP -to T[63] -64ps
65: -from T_reg[64]/CP -to T[64] -64ps
66: -from T_reg[65]/CP -to T[65] -64ps
67: -from T_reg[66]/CP -to T[66] -64ps
68: -from T_reg[67]/CP -to T[67] -64ps
69: -from T_reg[68]/CP -to T[68] -64ps
70: -from T_reg[69]/CP -to T[69] -64ps
71: -from T_reg[70]/CP -to T[70] -64ps
72: -from T_reg[71]/CP -to T[71] -64ps
73: -from T_reg[72]/CP -to T[72] -64ps
74: -from T_reg[73]/CP -to T[73] -64ps
75: -from T_reg[74]/CP -to T[74] -64ps
76: -from T_reg[75]/CP -to T[75] -64ps
77: -from T_reg[76]/CP -to T[76] -64ps
78: -from T_reg[77]/CP -to T[77] -64ps
79: -from T_reg[78]/CP -to T[78] -64ps
80: -from T_reg[79]/CP -to T[79] -64ps
81: -from T_reg[80]/CP -to T[80] -64ps
82: -from T_reg[81]/CP -to T[81] -64ps
83: -from T_reg[82]/CP -to T[82] -64ps
84: -from T_reg[83]/CP -to T[83] -64ps
85: -from T_reg[84]/CP -to T[84] -64ps
86: -from T_reg[85]/CP -to T[85] -64ps
87: -from T_reg[86]/CP -to T[86] -64ps
88: -from T_reg[87]/CP -to T[87] -64ps
89: -from T_reg[88]/CP -to T[88] -64ps
90: -from T_reg[89]/CP -to T[89] -64ps
91: -from T_reg[90]/CP -to T[90] -64ps
92: -from T_reg[91]/CP -to T[91] -64ps
93: -from T_reg[92]/CP -to T[92] -64ps
94: -from T_reg[93]/CP -to T[93] -64ps
95: -from T_reg[94]/CP -to T[94] -64ps
96: -from T_reg[95]/CP -to T[95] -64ps
97: -from T_reg[96]/CP -to T[96] -64ps
98: -from T_reg[97]/CP -to T[97] -64ps
99: -from T_reg[98]/CP -to T[98] -64ps
100: -from T_reg[99]/CP -to T[99] -64ps
101: -from T_reg[100]/CP -to T[100] -64ps
102: -from T_reg[101]/CP -to T[101] -64ps
103: -from T_reg[102]/CP -to T[102] -64ps
104: -from T_reg[103]/CP -to T[103] -64ps
105: -from T_reg[104]/CP -to T[104] -64ps
106: -from T_reg[105]/CP -to T[105] -64ps
107: -from T_reg[106]/CP -to T[106] -64ps
108: -from T_reg[107]/CP -to T[107] -64ps
109: -from T_reg[108]/CP -to T[108] -64ps
110: -from T_reg[109]/CP -to T[109] -64ps
111: -from T_reg[110]/CP -to T[110] -64ps
112: -from T_reg[111]/CP -to T[111] -64ps
113: -from T_reg[112]/CP -to T[112] -64ps
114: -from T_reg[113]/CP -to T[113] -64ps
115: -from T_reg[114]/CP -to T[114] -64ps
116: -from T_reg[115]/CP -to T[115] -64ps
117: -from T_reg[116]/CP -to T[116] -64ps
118: -from T_reg[117]/CP -to T[117] -64ps
119: -from T_reg[118]/CP -to T[118] -64ps
120: -from T_reg[119]/CP -to T[119] -64ps
121: -from T_reg[120]/CP -to T[120] -64ps
122: -from T_reg[121]/CP -to T[121] -64ps
123: -from T_reg[122]/CP -to T[122] -64ps
124: -from T_reg[123]/CP -to T[123] -64ps
125: -from T_reg[124]/CP -to T[124] -64ps
126: -from T_reg[125]/CP -to T[125] -64ps
127: -from T_reg[126]/CP -to T[126] -64ps
128: -from T_reg[127]/CP -to T[127] -64ps
129: -from Tstrobe_reg/CP -to Tstrobe -64ps
130: -from Q_reg[0]/CP -to Q[0] -64ps
131: -from Q_reg[1]/CP -to Q[1] -64ps
132: -from Q_reg[2]/CP -to Q[2] -64ps
133: -from Q_reg[3]/CP -to Q[3] -64ps
134: -from Q_reg[4]/CP -to Q[4] -64ps
135: -from Q_reg[5]/CP -to Q[5] -64ps
136: -from Q_reg[6]/CP -to Q[6] -64ps
137: -from Q_reg[7]/CP -to Q[7] -64ps
138: -from Q_reg[8]/CP -to Q[8] -64ps
139: -from Q_reg[9]/CP -to Q[9] -64ps
140: -from Q_reg[10]/CP -to Q[10] -64ps
141: -from Q_reg[11]/CP -to Q[11] -64ps
142: -from Q_reg[12]/CP -to Q[12] -64ps
143: -from Q_reg[13]/CP -to Q[13] -64ps
144: -from Q_reg[14]/CP -to Q[14] -64ps
145: -from Q_reg[15]/CP -to Q[15] -64ps
146: -from Q_reg[16]/CP -to Q[16] -64ps
147: -from Q_reg[17]/CP -to Q[17] -64ps
148: -from Q_reg[18]/CP -to Q[18] -64ps
149: -from Q_reg[19]/CP -to Q[19] -64ps
150: -from Q_reg[20]/CP -to Q[20] -64ps
151: -from Q_reg[21]/CP -to Q[21] -64ps
152: -from Q_reg[22]/CP -to Q[22] -64ps
153: -from Q_reg[23]/CP -to Q[23] -64ps
154: -from Q_reg[24]/CP -to Q[24] -64ps
155: -from Q_reg[25]/CP -to Q[25] -64ps
156: -from Q_reg[26]/CP -to Q[26] -64ps
157: -from Q_reg[27]/CP -to Q[27] -64ps
158: -from Q_reg[28]/CP -to Q[28] -64ps
159: -from Q_reg[29]/CP -to Q[29] -64ps
160: -from Q_reg[30]/CP -to Q[30] -64ps
161: -from Q_reg[31]/CP -to Q[31] -64ps
162: -from Q_reg[32]/CP -to Q[32] -64ps
163: -from Q_reg[33]/CP -to Q[33] -64ps
164: -from Q_reg[34]/CP -to Q[34] -64ps
165: -from Q_reg[35]/CP -to Q[35] -64ps
166: -from Q_reg[36]/CP -to Q[36] -64ps
167: -from Q_reg[37]/CP -to Q[37] -64ps
168: -from Q_reg[38]/CP -to Q[38] -64ps
169: -from Q_reg[39]/CP -to Q[39] -64ps
170: -from Q_reg[40]/CP -to Q[40] -64ps
171: -from Q_reg[41]/CP -to Q[41] -64ps
172: -from Q_reg[42]/CP -to Q[42] -64ps
173: -from Q_reg[43]/CP -to Q[43] -64ps
174: -from Q_reg[44]/CP -to Q[44] -64ps
175: -from Q_reg[45]/CP -to Q[45] -64ps
176: -from Q_reg[46]/CP -to Q[46] -64ps
177: -from Q_reg[47]/CP -to Q[47] -64ps
178: -from Q_reg[48]/CP -to Q[48] -64ps
179: -from Q_reg[49]/CP -to Q[49] -64ps
180: -from Q_reg[50]/CP -to Q[50] -64ps
181: -from Q_reg[51]/CP -to Q[51] -64ps
182: -from Q_reg[52]/CP -to Q[52] -64ps
183: -from Q_reg[53]/CP -to Q[53] -64ps
184: -from Q_reg[54]/CP -to Q[54] -64ps
185: -from Q_reg[55]/CP -to Q[55] -64ps
186: -from Q_reg[56]/CP -to Q[56] -64ps
187: -from Q_reg[57]/CP -to Q[57] -64ps
188: -from Q_reg[58]/CP -to Q[58] -64ps
189: -from Q_reg[59]/CP -to Q[59] -64ps
190: -from Q_reg[60]/CP -to Q[60] -64ps
191: -from Q_reg[61]/CP -to Q[61] -64ps
192: -from Q_reg[62]/CP -to Q[62] -64ps
193: -from Q_reg[63]/CP -to Q[63] -64ps
194: -from Q_reg[64]/CP -to Q[64] -64ps
195: -from Q_reg[65]/CP -to Q[65] -64ps
196: -from Q_reg[66]/CP -to Q[66] -64ps
197: -from Q_reg[67]/CP -to Q[67] -64ps
198: -from Q_reg[68]/CP -to Q[68] -64ps
199: -from Q_reg[69]/CP -to Q[69] -64ps
200: -from Q_reg[70]/CP -to Q[70] -64ps
201: -from Q_reg[71]/CP -to Q[71] -64ps
202: -from Q_reg[72]/CP -to Q[72] -64ps
203: -from Q_reg[73]/CP -to Q[73] -64ps
204: -from Q_reg[74]/CP -to Q[74] -64ps
205: -from Q_reg[75]/CP -to Q[75] -64ps
206: -from Q_reg[76]/CP -to Q[76] -64ps
207: -from Q_reg[77]/CP -to Q[77] -64ps
208: -from Q_reg[78]/CP -to Q[78] -64ps
209: -from Q_reg[79]/CP -to Q[79] -64ps
210: -from Q_reg[80]/CP -to Q[80] -64ps
211: -from Q_reg[81]/CP -to Q[81] -64ps
212: -from Q_reg[82]/CP -to Q[82] -64ps
213: -from Q_reg[83]/CP -to Q[83] -64ps
214: -from Q_reg[84]/CP -to Q[84] -64ps
215: -from Q_reg[85]/CP -to Q[85] -64ps
216: -from Q_reg[86]/CP -to Q[86] -64ps
217: -from Q_reg[87]/CP -to Q[87] -64ps
218: -from Q_reg[88]/CP -to Q[88] -64ps
219: -from Q_reg[89]/CP -to Q[89] -64ps
220: -from Q_reg[90]/CP -to Q[90] -64ps
221: -from Q_reg[91]/CP -to Q[91] -64ps
222: -from Q_reg[92]/CP -to Q[92] -64ps
223: -from Q_reg[93]/CP -to Q[93] -64ps
224: -from Q_reg[94]/CP -to Q[94] -64ps
225: -from Q_reg[95]/CP -to Q[95] -64ps
226: -from Q_reg[96]/CP -to Q[96] -64ps
227: -from Q_reg[97]/CP -to Q[97] -64ps
228: -from Q_reg[98]/CP -to Q[98] -64ps
229: -from Q_reg[99]/CP -to Q[99] -64ps
230: -from Q_reg[100]/CP -to Q[100] -64ps
231: -from Q_reg[101]/CP -to Q[101] -64ps
232: -from Q_reg[102]/CP -to Q[102] -64ps
233: -from Q_reg[103]/CP -to Q[103] -64ps
234: -from Q_reg[104]/CP -to Q[104] -64ps
235: -from Q_reg[105]/CP -to Q[105] -64ps
236: -from Q_reg[106]/CP -to Q[106] -64ps
237: -from Q_reg[107]/CP -to Q[107] -64ps
238: -from Q_reg[108]/CP -to Q[108] -64ps
239: -from Q_reg[109]/CP -to Q[109] -64ps
240: -from Q_reg[110]/CP -to Q[110] -64ps
241: -from Q_reg[111]/CP -to Q[111] -64ps
242: -from Q_reg[112]/CP -to Q[112] -64ps
243: -from Q_reg[113]/CP -to Q[113] -64ps
244: -from Q_reg[114]/CP -to Q[114] -64ps
245: -from Q_reg[115]/CP -to Q[115] -64ps
246: -from Q_reg[116]/CP -to Q[116] -64ps
247: -from Q_reg[117]/CP -to Q[117] -64ps
248: -from Q_reg[118]/CP -to Q[118] -64ps
249: -from Q_reg[119]/CP -to Q[119] -64ps
250: -from Q_reg[120]/CP -to Q[120] -64ps
251: -from Q_reg[121]/CP -to Q[121] -64ps
252: -from Q_reg[122]/CP -to Q[122] -64ps
253: -from Q_reg[123]/CP -to Q[123] -64ps
254: -from Q_reg[124]/CP -to Q[124] -64ps
255: -from Q_reg[125]/CP -to Q[125] -64ps
256: -from Q_reg[126]/CP -to Q[126] -64ps
257: -from Q_reg[127]/CP -to Q[127] -64ps
258: -from Q_reg[128]/CP -to Q[128] -64ps
259: -from Q_reg[129]/CP -to Q[129] -64ps
260: -from Q_reg[130]/CP -to Q[130] -64ps
261: -from Q_reg[131]/CP -to Q[131] -64ps
262: -from Q_reg[132]/CP -to Q[132] -64ps
263: -from Q_reg[133]/CP -to Q[133] -64ps
264: -from Q_reg[134]/CP -to Q[134] -64ps
265: -from Q_reg[135]/CP -to Q[135] -64ps
266: -from Q_reg[136]/CP -to Q[136] -64ps
267: -from Q_reg[137]/CP -to Q[137] -64ps
268: -from Q_reg[138]/CP -to Q[138] -64ps
269: -from Q_reg[139]/CP -to Q[139] -64ps
270: -from Q_reg[140]/CP -to Q[140] -64ps
271: -from Q_reg[141]/CP -to Q[141] -64ps
272: -from Q_reg[142]/CP -to Q[142] -64ps
273: -from Q_reg[143]/CP -to Q[143] -64ps
274: -from Q_reg[144]/CP -to Q[144] -64ps
275: -from Q_reg[145]/CP -to Q[145] -64ps
276: -from Q_reg[146]/CP -to Q[146] -64ps
277: -from Q_reg[147]/CP -to Q[147] -64ps
278: -from Q_reg[148]/CP -to Q[148] -64ps
279: -from Q_reg[149]/CP -to Q[149] -64ps
280: -from Q_reg[150]/CP -to Q[150] -64ps
281: -from Q_reg[151]/CP -to Q[151] -64ps
282: -from Q_reg[152]/CP -to Q[152] -64ps
283: -from Q_reg[153]/CP -to Q[153] -64ps
284: -from Q_reg[154]/CP -to Q[154] -64ps
285: -from Q_reg[155]/CP -to Q[155] -64ps
286: -from Q_reg[156]/CP -to Q[156] -64ps
287: -from Q_reg[157]/CP -to Q[157] -64ps
288: -from Q_reg[158]/CP -to Q[158] -64ps
289: -from Q_reg[159]/CP -to Q[159] -64ps
290: -from Q_reg[160]/CP -to Q[160] -64ps
291: -from Q_reg[161]/CP -to Q[161] -64ps
292: -from Q_reg[162]/CP -to Q[162] -64ps
293: -from Q_reg[163]/CP -to Q[163] -64ps
294: -from Q_reg[164]/CP -to Q[164] -64ps
295: -from Q_reg[165]/CP -to Q[165] -64ps
296: -from Q_reg[166]/CP -to Q[166] -64ps
297: -from Q_reg[167]/CP -to Q[167] -64ps
298: -from Q_reg[168]/CP -to Q[168] -64ps
299: -from Q_reg[169]/CP -to Q[169] -64ps
300: -from Q_reg[170]/CP -to Q[170] -64ps
301: -from Q_reg[171]/CP -to Q[171] -64ps
302: -from Q_reg[172]/CP -to Q[172] -64ps
303: -from Q_reg[173]/CP -to Q[173] -64ps
304: -from Q_reg[174]/CP -to Q[174] -64ps
305: -from Q_reg[175]/CP -to Q[175] -64ps
306: -from Q_reg[176]/CP -to Q[176] -64ps
307: -from Q_reg[177]/CP -to Q[177] -64ps
308: -from Q_reg[178]/CP -to Q[178] -64ps
309: -from Q_reg[179]/CP -to Q[179] -64ps
310: -from Q_reg[180]/CP -to Q[180] -64ps
311: -from Q_reg[181]/CP -to Q[181] -64ps
312: -from Q_reg[182]/CP -to Q[182] -64ps
313: -from Q_reg[183]/CP -to Q[183] -64ps
314: -from Q_reg[184]/CP -to Q[184] -64ps
315: -from Q_reg[185]/CP -to Q[185] -64ps
316: -from Q_reg[186]/CP -to Q[186] -64ps
317: -from Q_reg[187]/CP -to Q[187] -64ps
318: -from Q_reg[188]/CP -to Q[188] -64ps
319: -from Q_reg[189]/CP -to Q[189] -64ps
320: -from Q_reg[190]/CP -to Q[190] -64ps
321: -from Q_reg[191]/CP -to Q[191] -64ps
322: -from Q_reg[192]/CP -to Q[192] -64ps
323: -from Q_reg[193]/CP -to Q[193] -64ps
324: -from Q_reg[194]/CP -to Q[194] -64ps
325: -from Q_reg[195]/CP -to Q[195] -64ps
326: -from Q_reg[196]/CP -to Q[196] -64ps
327: -from Q_reg[197]/CP -to Q[197] -64ps
328: -from Q_reg[198]/CP -to Q[198] -64ps
329: -from Q_reg[199]/CP -to Q[199] -64ps
330: -from Q_reg[200]/CP -to Q[200] -64ps
331: -from Q_reg[201]/CP -to Q[201] -64ps
332: -from Q_reg[202]/CP -to Q[202] -64ps
333: -from Q_reg[203]/CP -to Q[203] -64ps
334: -from Q_reg[204]/CP -to Q[204] -64ps
335: -from Q_reg[205]/CP -to Q[205] -64ps
336: -from Q_reg[206]/CP -to Q[206] -64ps
337: -from Q_reg[207]/CP -to Q[207] -64ps
338: -from Q_reg[208]/CP -to Q[208] -64ps
339: -from Q_reg[209]/CP -to Q[209] -64ps
340: -from Q_reg[210]/CP -to Q[210] -64ps
341: -from Q_reg[211]/CP -to Q[211] -64ps
342: -from Q_reg[212]/CP -to Q[212] -64ps
343: -from Q_reg[213]/CP -to Q[213] -64ps
344: -from Q_reg[214]/CP -to Q[214] -64ps
345: -from Q_reg[215]/CP -to Q[215] -64ps
346: -from Q_reg[216]/CP -to Q[216] -64ps
347: -from Q_reg[217]/CP -to Q[217] -64ps
348: -from Q_reg[218]/CP -to Q[218] -64ps
349: -from Q_reg[219]/CP -to Q[219] -64ps
350: -from Q_reg[220]/CP -to Q[220] -64ps
351: -from Q_reg[221]/CP -to Q[221] -64ps
352: -from Q_reg[222]/CP -to Q[222] -64ps
353: -from Q_reg[223]/CP -to Q[223] -64ps
354: -from Q_reg[224]/CP -to Q[224] -64ps
355: -from Q_reg[225]/CP -to Q[225] -64ps
356: -from Q_reg[226]/CP -to Q[226] -64ps
357: -from Q_reg[227]/CP -to Q[227] -64ps
358: -from Q_reg[228]/CP -to Q[228] -64ps
359: -from Q_reg[229]/CP -to Q[229] -64ps
360: -from Q_reg[230]/CP -to Q[230] -64ps
361: -from Q_reg[231]/CP -to Q[231] -64ps
362: -from Q_reg[232]/CP -to Q[232] -64ps
363: -from Q_reg[233]/CP -to Q[233] -64ps
364: -from Q_reg[234]/CP -to Q[234] -64ps
365: -from Q_reg[235]/CP -to Q[235] -64ps
366: -from Q_reg[236]/CP -to Q[236] -64ps
367: -from Q_reg[237]/CP -to Q[237] -64ps
368: -from Q_reg[238]/CP -to Q[238] -64ps
369: -from Q_reg[239]/CP -to Q[239] -64ps
370: -from Q_reg[240]/CP -to Q[240] -64ps
371: -from Q_reg[241]/CP -to Q[241] -64ps
372: -from Q_reg[242]/CP -to Q[242] -64ps
373: -from Q_reg[243]/CP -to Q[243] -64ps
374: -from Q_reg[244]/CP -to Q[244] -64ps
375: -from Q_reg[245]/CP -to Q[245] -64ps
376: -from Q_reg[246]/CP -to Q[246] -64ps
377: -from Q_reg[247]/CP -to Q[247] -64ps
378: -from Q_reg[248]/CP -to Q[248] -64ps
379: -from Q_reg[249]/CP -to Q[249] -64ps
380: -from Q_reg[250]/CP -to Q[250] -64ps
381: -from Q_reg[251]/CP -to Q[251] -64ps
382: -from Q_reg[252]/CP -to Q[252] -64ps
383: -from Q_reg[253]/CP -to Q[253] -64ps
384: -from Q_reg[254]/CP -to Q[254] -64ps
385: -from Q_reg[255]/CP -to Q[255] -64ps
386: -from Qlast_reg/CP -to Qlast -64ps
387: -from Qstart_reg/CP -to Qstart -64ps
388: -from cen -to Lcnt_reg[8]/D -51ps
389: -from cen -to Lcnt_reg[7]/D -51ps
390: -from cen -to Lcnt_reg[4]/D -51ps
391: -from cen -to Lcnt_reg[9]/D -50ps
392: -from cen -to Lcnt_reg[5]/D -50ps
393: -from cen -to Lcnt_reg[10]/D -50ps
394: -from cen -to Lcnt_reg[6]/D -50ps
395: -from cen -to Lcnt_reg[2]/D -50ps
396: -from cen -to Lcnt_reg[1]/D -50ps
397: -from cen -to RC_CG_HIER_INST2/RC_CGIC_INST/E -48ps
398: -from cen -to RC_CG_DECLONE_HIER_INST/RC_CGIC_INST/E -48ps
399: -from cen -to RC_CG_HIER_INST3/RC_CGIC_INST/E -48ps
400: -from cen -to RC_CG_HIER_INST1/RC_CGIC_INST/E -48ps
401: -from cen -to RC_CG_HIER_INST0/RC_CGIC_INST/E -48ps
402: -from cen -to Lcnt_reg[3]/D -44ps
403: -from cen -to Lcnt_reg[0]/D -44ps
404: -from last -to lsr_reg[0]/D -2ps
405: -from Key[99] -to Kr_reg[99]/D -2ps
406: -from Key[98] -to Kr_reg[98]/D -2ps
407: -from Key[97] -to Kr_reg[97]/D -2ps
408: -from Key[96] -to Kr_reg[96]/D -2ps
409: -from Key[95] -to Kr_reg[95]/D -2ps
410: -from Key[94] -to Kr_reg[94]/D -2ps
411: -from Key[93] -to Kr_reg[93]/D -2ps
412: -from Key[92] -to Kr_reg[92]/D -2ps
413: -from Key[91] -to Kr_reg[91]/D -2ps
414: -from Key[90] -to Kr_reg[90]/D -2ps
415: -from Key[8] -to Kr_reg[8]/D -2ps
416: -from Key[89] -to Kr_reg[89]/D -2ps
417: -from Key[88] -to Kr_reg[88]/D -2ps
418: -from Key[87] -to Kr_reg[87]/D -2ps
419: -from Key[86] -to Kr_reg[86]/D -2ps
420: -from Key[85] -to Kr_reg[85]/D -2ps
421: -from Key[84] -to Kr_reg[84]/D -2ps
422: -from Key[83] -to Kr_reg[83]/D -2ps
423: -from Key[82] -to Kr_reg[82]/D -2ps
424: -from Key[81] -to Kr_reg[81]/D -2ps
425: -from Key[80] -to Kr_reg[80]/D -2ps
426: -from Key[79] -to Kr_reg[79]/D -2ps
427: -from Key[78] -to Kr_reg[78]/D -2ps
428: -from Key[77] -to Kr_reg[77]/D -2ps
429: -from Key[76] -to Kr_reg[76]/D -2ps
430: -from Key[75] -to Kr_reg[75]/D -2ps
431: -from Key[74] -to Kr_reg[74]/D -2ps
432: -from Key[73] -to Kr_reg[73]/D -2ps
433: -from Key[72] -to Kr_reg[72]/D -2ps
434: -from Key[71] -to Kr_reg[71]/D -2ps
435: -from Key[70] -to Kr_reg[70]/D -2ps
436: -from Key[69] -to Kr_reg[69]/D -2ps
437: -from Key[68] -to Kr_reg[68]/D -2ps
438: -from Key[67] -to Kr_reg[67]/D -2ps
439: -from Key[66] -to Kr_reg[66]/D -2ps
440: -from Key[65] -to Kr_reg[65]/D -2ps
441: -from Key[64] -to Kr_reg[64]/D -2ps
442: -from Key[63] -to Kr_reg[63]/D -2ps
443: -from Key[62] -to Kr_reg[62]/D -2ps
444: -from Key[61] -to Kr_reg[61]/D -2ps
445: -from Key[60] -to Kr_reg[60]/D -2ps
446: -from Key[5] -to Kr_reg[5]/D -2ps
447: -from Key[59] -to Kr_reg[59]/D -2ps
448: -from Key[58] -to Kr_reg[58]/D -2ps
449: -from Key[57] -to Kr_reg[57]/D -2ps
450: -from Key[56] -to Kr_reg[56]/D -2ps
451: -from Key[55] -to Kr_reg[55]/D -2ps
452: -from Key[54] -to Kr_reg[54]/D -2ps
453: -from Key[53] -to Kr_reg[53]/D -2ps
454: -from Key[52] -to Kr_reg[52]/D -2ps
455: -from Key[51] -to Kr_reg[51]/D -2ps
456: -from Key[50] -to Kr_reg[50]/D -2ps
457: -from Key[49] -to Kr_reg[49]/D -2ps
458: -from Key[48] -to Kr_reg[48]/D -2ps
459: -from Key[47] -to Kr_reg[47]/D -2ps
460: -from Key[46] -to Kr_reg[46]/D -2ps
461: -from Key[45] -to Kr_reg[45]/D -2ps
462: -from Key[44] -to Kr_reg[44]/D -2ps
463: -from Key[43] -to Kr_reg[43]/D -2ps
464: -from Key[42] -to Kr_reg[42]/D -2ps
465: -from Key[41] -to Kr_reg[41]/D -2ps
466: -from Key[40] -to Kr_reg[40]/D -2ps
467: -from Key[39] -to Kr_reg[39]/D -2ps
468: -from Key[38] -to Kr_reg[38]/D -2ps
469: -from Key[37] -to Kr_reg[37]/D -2ps
470: -from Key[36] -to Kr_reg[36]/D -2ps
471: -from Key[35] -to Kr_reg[35]/D -2ps
472: -from Key[34] -to Kr_reg[34]/D -2ps
473: -from Key[33] -to Kr_reg[33]/D -2ps
474: -from Key[32] -to Kr_reg[32]/D -2ps
475: -from Key[2] -to Kr_reg[2]/D -2ps
476: -from Key[29] -to Kr_reg[29]/D -2ps
477: -from Key[26] -to Kr_reg[26]/D -2ps
478: -from Key[24] -to Kr_reg[24]/D -2ps
479: -from Key[247] -to Kr_reg[247]/D -2ps
480: -from Key[231] -to Kr_reg[231]/D -2ps
481: -from Key[199] -to Kr_reg[199]/D -2ps
482: -from Key[18] -to Kr_reg[18]/D -2ps
483: -from Key[183] -to Kr_reg[183]/D -2ps
484: -from Key[16] -to Kr_reg[16]/D -2ps
485: -from Key[167] -to Kr_reg[167]/D -2ps
486: -from Key[13] -to Kr_reg[13]/D -2ps
487: -from Key[136] -to Kr_reg[136]/D -2ps
488: -from Key[132] -to Kr_reg[132]/D -2ps
489: -from Key[128] -to Kr_reg[128]/D -2ps
490: -from Key[127] -to Kr_reg[127]/D -2ps
491: -from Key[126] -to Kr_reg[126]/D -2ps
492: -from Key[125] -to Kr_reg[125]/D -2ps
493: -from Key[124] -to Kr_reg[124]/D -2ps
494: -from Key[123] -to Kr_reg[123]/D -2ps
495: -from Key[122] -to Kr_reg[122]/D -2ps
496: -from Key[121] -to Kr_reg[121]/D -2ps
497: -from Key[120] -to Kr_reg[120]/D -2ps
498: -from Key[119] -to Kr_reg[119]/D -2ps
499: -from Key[118] -to Kr_reg[118]/D -2ps
500: -from Key[117] -to Kr_reg[117]/D -2ps
501: -from Key[116] -to Kr_reg[116]/D -2ps
502: -from Key[115] -to Kr_reg[115]/D -2ps
503: -from Key[114] -to Kr_reg[114]/D -2ps
504: -from Key[113] -to Kr_reg[113]/D -2ps
505: -from Key[112] -to Kr_reg[112]/D -2ps
506: -from Key[111] -to Kr_reg[111]/D -2ps
507: -from Key[110] -to Kr_reg[110]/D -2ps
508: -from Key[10] -to Kr_reg[10]/D -2ps
509: -from Key[109] -to Kr_reg[109]/D -2ps
510: -from Key[108] -to Kr_reg[108]/D -2ps
511: -from Key[107] -to Kr_reg[107]/D -2ps
512: -from Key[106] -to Kr_reg[106]/D -2ps
513: -from Key[105] -to Kr_reg[105]/D -2ps
514: -from Key[104] -to Kr_reg[104]/D -2ps
515: -from Key[103] -to Kr_reg[103]/D -2ps
516: -from Key[102] -to Kr_reg[102]/D -2ps
517: -from Key[101] -to Kr_reg[101]/D -2ps
518: -from Key[100] -to Kr_reg[100]/D -2ps
519: -from Key[0] -to Kr_reg[0]/D -2ps
520: -from IV[95] -to IVr_reg[95]/D -2ps
521: -from IV[94] -to IVr_reg[94]/D -2ps
522: -from IV[93] -to IVr_reg[93]/D -2ps
523: -from IV[92] -to IVr_reg[92]/D -2ps
524: -from IV[91] -to IVr_reg[91]/D -2ps
525: -from IV[8] -to IVr_reg[8]/D -2ps
526: -from IV[88] -to IVr_reg[88]/D -2ps
527: -from IV[87] -to IVr_reg[87]/D -2ps
528: -from IV[86] -to IVr_reg[86]/D -2ps
529: -from IV[85] -to IVr_reg[85]/D -2ps
530: -from IV[84] -to IVr_reg[84]/D -2ps
531: -from IV[83] -to IVr_reg[83]/D -2ps
532: -from IV[80] -to IVr_reg[80]/D -2ps
533: -from IV[7] -to IVr_reg[7]/D -2ps
534: -from IV[79] -to IVr_reg[79]/D -2ps
535: -from IV[78] -to IVr_reg[78]/D -2ps
536: -from IV[77] -to IVr_reg[77]/D -2ps
537: -from IV[76] -to IVr_reg[76]/D -2ps
538: -from IV[75] -to IVr_reg[75]/D -2ps
539: -from IV[72] -to IVr_reg[72]/D -2ps
540: -from IV[71] -to IVr_reg[71]/D -2ps
541: -from IV[70] -to IVr_reg[70]/D -2ps
542: -from IV[6] -to IVr_reg[6]/D -2ps
543: -from IV[69] -to IVr_reg[69]/D -2ps
544: -from IV[68] -to IVr_reg[68]/D -2ps
545: -from IV[67] -to IVr_reg[67]/D -2ps
546: -from IV[64] -to IVr_reg[64]/D -2ps
547: -from IV[63] -to IVr_reg[63]/D -2ps
548: -from IV[62] -to IVr_reg[62]/D -2ps
549: -from IV[61] -to IVr_reg[61]/D -2ps
550: -from IV[60] -to IVr_reg[60]/D -2ps
551: -from IV[5] -to IVr_reg[5]/D -2ps
552: -from IV[59] -to IVr_reg[59]/D -2ps
553: -from IV[56] -to IVr_reg[56]/D -2ps
554: -from IV[55] -to IVr_reg[55]/D -2ps
555: -from IV[54] -to IVr_reg[54]/D -2ps
556: -from IV[53] -to IVr_reg[53]/D -2ps
557: -from IV[52] -to IVr_reg[52]/D -2ps
558: -from IV[51] -to IVr_reg[51]/D -2ps
559: -from IV[4] -to IVr_reg[4]/D -2ps
560: -from IV[48] -to IVr_reg[48]/D -2ps
561: -from IV[47] -to IVr_reg[47]/D -2ps
562: -from IV[46] -to IVr_reg[46]/D -2ps
563: -from IV[45] -to IVr_reg[45]/D -2ps
564: -from IV[44] -to IVr_reg[44]/D -2ps
565: -from IV[43] -to IVr_reg[43]/D -2ps
566: -from IV[40] -to IVr_reg[40]/D -2ps
567: -from IV[3] -to IVr_reg[3]/D -2ps
568: -from IV[39] -to IVr_reg[39]/D -2ps
569: -from IV[38] -to IVr_reg[38]/D -2ps
570: -from IV[37] -to IVr_reg[37]/D -2ps
571: -from IV[36] -to IVr_reg[36]/D -2ps
572: -from IV[35] -to IVr_reg[35]/D -2ps
573: -from IV[32] -to IVr_reg[32]/D -2ps
574: -from IV[31] -to IVr_reg[31]/D -2ps
575: -from IV[30] -to IVr_reg[30]/D -2ps
576: -from IV[29] -to IVr_reg[29]/D -2ps
577: -from IV[28] -to IVr_reg[28]/D -2ps
578: -from IV[27] -to IVr_reg[27]/D -2ps
579: -from IV[24] -to IVr_reg[24]/D -2ps
580: -from IV[23] -to IVr_reg[23]/D -2ps
581: -from IV[22] -to IVr_reg[22]/D -2ps
582: -from IV[21] -to IVr_reg[21]/D -2ps
583: -from IV[20] -to IVr_reg[20]/D -2ps
584: -from IV[19] -to IVr_reg[19]/D -2ps
585: -from IV[16] -to IVr_reg[16]/D -2ps
586: -from IV[15] -to IVr_reg[15]/D -2ps
587: -from IV[14] -to IVr_reg[14]/D -2ps
588: -from IV[13] -to IVr_reg[13]/D -2ps
589: -from IV[12] -to IVr_reg[12]/D -2ps
590: -from IV[11] -to IVr_reg[11]/D -2ps
591: -from IV[0] -to IVr_reg[0]/D -2ps
592: -from D[9] -to dr0_reg[9]/D -2ps
593: -from D[99] -to dr0_reg[99]/D -2ps
594: -from D[98] -to dr0_reg[98]/D -2ps
595: -from D[97] -to dr0_reg[97]/D -2ps
596: -from D[96] -to dr0_reg[96]/D -2ps
597: -from D[95] -to dr0_reg[95]/D -2ps
598: -from D[94] -to dr0_reg[94]/D -2ps
599: -from D[93] -to dr0_reg[93]/D -2ps
600: -from D[92] -to dr0_reg[92]/D -2ps
601: -from D[91] -to dr0_reg[91]/D -2ps
602: -from D[90] -to dr0_reg[90]/D -2ps
603: -from D[8] -to dr0_reg[8]/D -2ps
604: -from D[89] -to dr0_reg[89]/D -2ps
605: -from D[88] -to dr0_reg[88]/D -2ps
606: -from D[87] -to dr0_reg[87]/D -2ps
607: -from D[86] -to dr0_reg[86]/D -2ps
608: -from D[85] -to dr0_reg[85]/D -2ps
609: -from D[84] -to dr0_reg[84]/D -2ps
610: -from D[83] -to dr0_reg[83]/D -2ps
611: -from D[82] -to dr0_reg[82]/D -2ps
612: -from D[81] -to dr0_reg[81]/D -2ps
613: -from D[80] -to dr0_reg[80]/D -2ps
614: -from D[7] -to dr0_reg[7]/D -2ps
615: -from D[79] -to dr0_reg[79]/D -2ps
616: -from D[78] -to dr0_reg[78]/D -2ps
617: -from D[77] -to dr0_reg[77]/D -2ps
618: -from D[76] -to dr0_reg[76]/D -2ps
619: -from D[75] -to dr0_reg[75]/D -2ps
620: -from D[74] -to dr0_reg[74]/D -2ps
621: -from D[73] -to dr0_reg[73]/D -2ps
622: -from D[72] -to dr0_reg[72]/D -2ps
623: -from D[71] -to dr0_reg[71]/D -2ps
624: -from D[70] -to dr0_reg[70]/D -2ps
625: -from D[6] -to dr0_reg[6]/D -2ps
626: -from D[69] -to dr0_reg[69]/D -2ps
627: -from D[68] -to dr0_reg[68]/D -2ps
628: -from D[67] -to dr0_reg[67]/D -2ps
629: -from D[66] -to dr0_reg[66]/D -2ps
630: -from D[65] -to dr0_reg[65]/D -2ps
631: -from D[64] -to dr0_reg[64]/D -2ps
632: -from D[63] -to dr0_reg[63]/D -2ps
633: -from D[62] -to dr0_reg[62]/D -2ps
634: -from D[61] -to dr0_reg[61]/D -2ps
635: -from D[60] -to dr0_reg[60]/D -2ps
636: -from D[5] -to dr0_reg[5]/D -2ps
637: -from D[59] -to dr0_reg[59]/D -2ps
638: -from D[58] -to dr0_reg[58]/D -2ps
639: -from D[57] -to dr0_reg[57]/D -2ps
640: -from D[56] -to dr0_reg[56]/D -2ps
641: -from D[55] -to dr0_reg[55]/D -2ps
642: -from D[54] -to dr0_reg[54]/D -2ps
643: -from D[53] -to dr0_reg[53]/D -2ps
644: -from D[52] -to dr0_reg[52]/D -2ps
645: -from D[51] -to dr0_reg[51]/D -2ps
646: -from D[50] -to dr0_reg[50]/D -2ps
647: -from D[4] -to dr0_reg[4]/D -2ps
648: -from D[49] -to dr0_reg[49]/D -2ps
649: -from D[48] -to dr0_reg[48]/D -2ps
650: -from D[47] -to dr0_reg[47]/D -2ps
651: -from D[46] -to dr0_reg[46]/D -2ps
652: -from D[45] -to dr0_reg[45]/D -2ps
653: -from D[44] -to dr0_reg[44]/D -2ps
654: -from D[43] -to dr0_reg[43]/D -2ps
655: -from D[42] -to dr0_reg[42]/D -2ps
656: -from D[41] -to dr0_reg[41]/D -2ps
657: -from D[40] -to dr0_reg[40]/D -2ps
658: -from D[3] -to dr0_reg[3]/D -2ps
659: -from D[39] -to dr0_reg[39]/D -2ps
660: -from D[38] -to dr0_reg[38]/D -2ps
661: -from D[37] -to dr0_reg[37]/D -2ps
662: -from D[36] -to dr0_reg[36]/D -2ps
663: -from D[35] -to dr0_reg[35]/D -2ps
664: -from D[34] -to dr0_reg[34]/D -2ps
665: -from D[33] -to dr0_reg[33]/D -2ps
666: -from D[32] -to dr0_reg[32]/D -2ps
667: -from D[31] -to dr0_reg[31]/D -2ps
668: -from D[30] -to dr0_reg[30]/D -2ps
669: -from D[2] -to dr0_reg[2]/D -2ps
670: -from D[29] -to dr0_reg[29]/D -2ps
671: -from D[28] -to dr0_reg[28]/D -2ps
672: -from D[27] -to dr0_reg[27]/D -2ps
673: -from D[26] -to dr0_reg[26]/D -2ps
674: -from D[25] -to dr0_reg[25]/D -2ps
675: -from D[255] -to dr0_reg[255]/D -2ps
676: -from D[254] -to dr0_reg[254]/D -2ps
677: -from D[253] -to dr0_reg[253]/D -2ps
678: -from D[252] -to dr0_reg[252]/D -2ps
679: -from D[251] -to dr0_reg[251]/D -2ps
680: -from D[250] -to dr0_reg[250]/D -2ps
681: -from D[24] -to dr0_reg[24]/D -2ps
682: -from D[249] -to dr0_reg[249]/D -2ps
683: -from D[248] -to dr0_reg[248]/D -2ps
684: -from D[247] -to dr0_reg[247]/D -2ps
685: -from D[246] -to dr0_reg[246]/D -2ps
686: -from D[245] -to dr0_reg[245]/D -2ps
687: -from D[244] -to dr0_reg[244]/D -2ps
688: -from D[243] -to dr0_reg[243]/D -2ps
689: -from D[242] -to dr0_reg[242]/D -2ps
690: -from D[241] -to dr0_reg[241]/D -2ps
691: -from D[240] -to dr0_reg[240]/D -2ps
692: -from D[23] -to dr0_reg[23]/D -2ps
693: -from D[239] -to dr0_reg[239]/D -2ps
694: -from D[238] -to dr0_reg[238]/D -2ps
695: -from D[237] -to dr0_reg[237]/D -2ps
696: -from D[236] -to dr0_reg[236]/D -2ps
697: -from D[235] -to dr0_reg[235]/D -2ps
698: -from D[234] -to dr0_reg[234]/D -2ps
699: -from D[233] -to dr0_reg[233]/D -2ps
700: -from D[232] -to dr0_reg[232]/D -2ps
701: -from D[231] -to dr0_reg[231]/D -2ps
702: -from D[230] -to dr0_reg[230]/D -2ps
703: -from D[22] -to dr0_reg[22]/D -2ps
704: -from D[229] -to dr0_reg[229]/D -2ps
705: -from D[228] -to dr0_reg[228]/D -2ps
706: -from D[227] -to dr0_reg[227]/D -2ps
707: -from D[226] -to dr0_reg[226]/D -2ps
708: -from D[225] -to dr0_reg[225]/D -2ps
709: -from D[224] -to dr0_reg[224]/D -2ps
710: -from D[223] -to dr0_reg[223]/D -2ps
711: -from D[222] -to dr0_reg[222]/D -2ps
712: -from D[221] -to dr0_reg[221]/D -2ps
713: -from D[220] -to dr0_reg[220]/D -2ps
714: -from D[21] -to dr0_reg[21]/D -2ps
715: -from D[219] -to dr0_reg[219]/D -2ps
716: -from D[218] -to dr0_reg[218]/D -2ps
717: -from D[217] -to dr0_reg[217]/D -2ps
718: -from D[216] -to dr0_reg[216]/D -2ps
719: -from D[215] -to dr0_reg[215]/D -2ps
720: -from D[214] -to dr0_reg[214]/D -2ps
721: -from D[213] -to dr0_reg[213]/D -2ps
722: -from D[212] -to dr0_reg[212]/D -2ps
723: -from D[211] -to dr0_reg[211]/D -2ps
724: -from D[210] -to dr0_reg[210]/D -2ps
725: -from D[20] -to dr0_reg[20]/D -2ps
726: -from D[209] -to dr0_reg[209]/D -2ps
727: -from D[208] -to dr0_reg[208]/D -2ps
728: -from D[207] -to dr0_reg[207]/D -2ps
729: -from D[206] -to dr0_reg[206]/D -2ps
730: -from D[205] -to dr0_reg[205]/D -2ps
731: -from D[204] -to dr0_reg[204]/D -2ps
732: -from D[203] -to dr0_reg[203]/D -2ps
733: -from D[202] -to dr0_reg[202]/D -2ps
734: -from D[201] -to dr0_reg[201]/D -2ps
735: -from D[200] -to dr0_reg[200]/D -2ps
736: -from D[1] -to dr0_reg[1]/D -2ps
737: -from D[19] -to dr0_reg[19]/D -2ps
738: -from D[199] -to dr0_reg[199]/D -2ps
739: -from D[198] -to dr0_reg[198]/D -2ps
740: -from D[197] -to dr0_reg[197]/D -2ps
741: -from D[196] -to dr0_reg[196]/D -2ps
742: -from D[195] -to dr0_reg[195]/D -2ps
743: -from D[194] -to dr0_reg[194]/D -2ps
744: -from D[193] -to dr0_reg[193]/D -2ps
745: -from D[192] -to dr0_reg[192]/D -2ps
746: -from D[191] -to dr0_reg[191]/D -2ps
747: -from D[190] -to dr0_reg[190]/D -2ps
748: -from D[18] -to dr0_reg[18]/D -2ps
749: -from D[189] -to dr0_reg[189]/D -2ps
750: -from D[188] -to dr0_reg[188]/D -2ps
751: -from D[187] -to dr0_reg[187]/D -2ps
752: -from D[186] -to dr0_reg[186]/D -2ps
753: -from D[185] -to dr0_reg[185]/D -2ps
754: -from D[184] -to dr0_reg[184]/D -2ps
755: -from D[183] -to dr0_reg[183]/D -2ps
756: -from D[182] -to dr0_reg[182]/D -2ps
757: -from D[181] -to dr0_reg[181]/D -2ps
758: -from D[180] -to dr0_reg[180]/D -2ps
759: -from D[17] -to dr0_reg[17]/D -2ps
760: -from D[179] -to dr0_reg[179]/D -2ps
761: -from D[178] -to dr0_reg[178]/D -2ps
762: -from D[177] -to dr0_reg[177]/D -2ps
763: -from D[176] -to dr0_reg[176]/D -2ps
764: -from D[175] -to dr0_reg[175]/D -2ps
765: -from D[174] -to dr0_reg[174]/D -2ps
766: -from D[173] -to dr0_reg[173]/D -2ps
767: -from D[172] -to dr0_reg[172]/D -2ps
768: -from D[171] -to dr0_reg[171]/D -2ps
769: -from D[170] -to dr0_reg[170]/D -2ps
770: -from D[16] -to dr0_reg[16]/D -2ps
771: -from D[169] -to dr0_reg[169]/D -2ps
772: -from D[168] -to dr0_reg[168]/D -2ps
773: -from D[167] -to dr0_reg[167]/D -2ps
774: -from D[166] -to dr0_reg[166]/D -2ps
775: -from D[165] -to dr0_reg[165]/D -2ps
776: -from D[164] -to dr0_reg[164]/D -2ps
777: -from D[163] -to dr0_reg[163]/D -2ps
778: -from D[162] -to dr0_reg[162]/D -2ps
779: -from D[161] -to dr0_reg[161]/D -2ps
780: -from D[160] -to dr0_reg[160]/D -2ps
781: -from D[15] -to dr0_reg[15]/D -2ps
782: -from D[159] -to dr0_reg[159]/D -2ps
783: -from D[158] -to dr0_reg[158]/D -2ps
784: -from D[157] -to dr0_reg[157]/D -2ps
785: -from D[156] -to dr0_reg[156]/D -2ps
786: -from D[155] -to dr0_reg[155]/D -2ps
787: -from D[154] -to dr0_reg[154]/D -2ps
788: -from D[153] -to dr0_reg[153]/D -2ps
789: -from D[152] -to dr0_reg[152]/D -2ps
790: -from D[151] -to dr0_reg[151]/D -2ps
791: -from D[150] -to dr0_reg[150]/D -2ps
792: -from D[14] -to dr0_reg[14]/D -2ps
793: -from D[149] -to dr0_reg[149]/D -2ps
794: -from D[148] -to dr0_reg[148]/D -2ps
795: -from D[147] -to dr0_reg[147]/D -2ps
796: -from D[146] -to dr0_reg[146]/D -2ps
797: -from D[145] -to dr0_reg[145]/D -2ps
798: -from D[144] -to dr0_reg[144]/D -2ps
799: -from D[143] -to dr0_reg[143]/D -2ps
800: -from D[142] -to dr0_reg[142]/D -2ps
801: -from D[141] -to dr0_reg[141]/D -2ps
802: -from D[140] -to dr0_reg[140]/D -2ps
803: -from D[13] -to dr0_reg[13]/D -2ps
804: -from D[139] -to dr0_reg[139]/D -2ps
805: -from D[138] -to dr0_reg[138]/D -2ps
806: -from D[137] -to dr0_reg[137]/D -2ps
807: -from D[136] -to dr0_reg[136]/D -2ps
808: -from D[135] -to dr0_reg[135]/D -2ps
809: -from D[134] -to dr0_reg[134]/D -2ps
810: -from D[133] -to dr0_reg[133]/D -2ps
811: -from D[132] -to dr0_reg[132]/D -2ps
812: -from D[131] -to dr0_reg[131]/D -2ps
813: -from D[130] -to dr0_reg[130]/D -2ps
814: -from D[12] -to dr0_reg[12]/D -2ps
815: -from D[129] -to dr0_reg[129]/D -2ps
816: -from D[128] -to dr0_reg[128]/D -2ps
817: -from D[127] -to dr0_reg[127]/D -2ps
818: -from D[126] -to dr0_reg[126]/D -2ps
819: -from D[125] -to dr0_reg[125]/D -2ps
820: -from D[124] -to dr0_reg[124]/D -2ps
821: -from D[123] -to dr0_reg[123]/D -2ps
822: -from D[122] -to dr0_reg[122]/D -2ps
823: -from D[121] -to dr0_reg[121]/D -2ps
824: -from D[120] -to dr0_reg[120]/D -2ps
825: -from D[11] -to dr0_reg[11]/D -2ps
826: -from D[119] -to dr0_reg[119]/D -2ps
827: -from D[118] -to dr0_reg[118]/D -2ps
828: -from D[117] -to dr0_reg[117]/D -2ps
829: -from D[116] -to dr0_reg[116]/D -2ps
830: -from D[115] -to dr0_reg[115]/D -2ps
831: -from D[114] -to dr0_reg[114]/D -2ps
832: -from D[113] -to dr0_reg[113]/D -2ps
833: -from D[112] -to dr0_reg[112]/D -2ps
834: -from D[111] -to dr0_reg[111]/D -2ps
835: -from D[110] -to dr0_reg[110]/D -2ps
836: -from D[10] -to dr0_reg[10]/D -2ps
837: -from D[109] -to dr0_reg[109]/D -2ps
838: -from D[108] -to dr0_reg[108]/D -2ps
839: -from D[107] -to dr0_reg[107]/D -2ps
840: -from D[106] -to dr0_reg[106]/D -2ps
841: -from D[105] -to dr0_reg[105]/D -2ps
842: -from D[104] -to dr0_reg[104]/D -2ps
843: -from D[103] -to dr0_reg[103]/D -2ps
844: -from D[102] -to dr0_reg[102]/D -2ps
845: -from D[101] -to dr0_reg[101]/D -2ps
846: -from D[100] -to dr0_reg[100]/D -2ps
847: -from D[0] -to dr0_reg[0]/D -2ps
848: -from start -to str_reg[0]/D -2ps
